Archive member included to satisfy reference by file (symbol)

D:/C_disk_extension_no_space/STM32/STM32CubeIDE_1.16.1/STM32CubeIDE/plugins/com.st.stm32cube.ide.mcu.externaltools.gnu-tools-for-stm32.12.3.rel1.win32_1.0.200.202406191623/tools/bin/../lib/gcc/arm-none-eabi/12.3.1/../../../../arm-none-eabi/lib/thumb/v7e-m+dp/hard\libc_nano.a(libc_a-atoi.o)
                              ./Core/Src/main.o (atoi)
D:/C_disk_extension_no_space/STM32/STM32CubeIDE_1.16.1/STM32CubeIDE/plugins/com.st.stm32cube.ide.mcu.externaltools.gnu-tools-for-stm32.12.3.rel1.win32_1.0.200.202406191623/tools/bin/../lib/gcc/arm-none-eabi/12.3.1/../../../../arm-none-eabi/lib/thumb/v7e-m+dp/hard\libc_nano.a(libc_a-exit.o)
                              D:/C_disk_extension_no_space/STM32/STM32CubeIDE_1.16.1/STM32CubeIDE/plugins/com.st.stm32cube.ide.mcu.externaltools.gnu-tools-for-stm32.12.3.rel1.win32_1.0.200.202406191623/tools/bin/../lib/gcc/arm-none-eabi/12.3.1/../../../../arm-none-eabi/lib/thumb/v7e-m+dp/hard/crt0.o (exit)
D:/C_disk_extension_no_space/STM32/STM32CubeIDE_1.16.1/STM32CubeIDE/plugins/com.st.stm32cube.ide.mcu.externaltools.gnu-tools-for-stm32.12.3.rel1.win32_1.0.200.202406191623/tools/bin/../lib/gcc/arm-none-eabi/12.3.1/../../../../arm-none-eabi/lib/thumb/v7e-m+dp/hard\libc_nano.a(libc_a-malloc.o)
                              ./Core/Src/main.o (malloc)
D:/C_disk_extension_no_space/STM32/STM32CubeIDE_1.16.1/STM32CubeIDE/plugins/com.st.stm32cube.ide.mcu.externaltools.gnu-tools-for-stm32.12.3.rel1.win32_1.0.200.202406191623/tools/bin/../lib/gcc/arm-none-eabi/12.3.1/../../../../arm-none-eabi/lib/thumb/v7e-m+dp/hard\libc_nano.a(libc_a-mallocr.o)
                              D:/C_disk_extension_no_space/STM32/STM32CubeIDE_1.16.1/STM32CubeIDE/plugins/com.st.stm32cube.ide.mcu.externaltools.gnu-tools-for-stm32.12.3.rel1.win32_1.0.200.202406191623/tools/bin/../lib/gcc/arm-none-eabi/12.3.1/../../../../arm-none-eabi/lib/thumb/v7e-m+dp/hard\libc_nano.a(libc_a-malloc.o) (_malloc_r)
D:/C_disk_extension_no_space/STM32/STM32CubeIDE_1.16.1/STM32CubeIDE/plugins/com.st.stm32cube.ide.mcu.externaltools.gnu-tools-for-stm32.12.3.rel1.win32_1.0.200.202406191623/tools/bin/../lib/gcc/arm-none-eabi/12.3.1/../../../../arm-none-eabi/lib/thumb/v7e-m+dp/hard\libc_nano.a(libc_a-mlock.o)
                              D:/C_disk_extension_no_space/STM32/STM32CubeIDE_1.16.1/STM32CubeIDE/plugins/com.st.stm32cube.ide.mcu.externaltools.gnu-tools-for-stm32.12.3.rel1.win32_1.0.200.202406191623/tools/bin/../lib/gcc/arm-none-eabi/12.3.1/../../../../arm-none-eabi/lib/thumb/v7e-m+dp/hard\libc_nano.a(libc_a-mallocr.o) (__malloc_lock)
D:/C_disk_extension_no_space/STM32/STM32CubeIDE_1.16.1/STM32CubeIDE/plugins/com.st.stm32cube.ide.mcu.externaltools.gnu-tools-for-stm32.12.3.rel1.win32_1.0.200.202406191623/tools/bin/../lib/gcc/arm-none-eabi/12.3.1/../../../../arm-none-eabi/lib/thumb/v7e-m+dp/hard\libc_nano.a(libc_a-random.o)
                              ./Core/Src/main.o (random)
D:/C_disk_extension_no_space/STM32/STM32CubeIDE_1.16.1/STM32CubeIDE/plugins/com.st.stm32cube.ide.mcu.externaltools.gnu-tools-for-stm32.12.3.rel1.win32_1.0.200.202406191623/tools/bin/../lib/gcc/arm-none-eabi/12.3.1/../../../../arm-none-eabi/lib/thumb/v7e-m+dp/hard\libc_nano.a(libc_a-strtol.o)
                              D:/C_disk_extension_no_space/STM32/STM32CubeIDE_1.16.1/STM32CubeIDE/plugins/com.st.stm32cube.ide.mcu.externaltools.gnu-tools-for-stm32.12.3.rel1.win32_1.0.200.202406191623/tools/bin/../lib/gcc/arm-none-eabi/12.3.1/../../../../arm-none-eabi/lib/thumb/v7e-m+dp/hard\libc_nano.a(libc_a-atoi.o) (_strtol_r)
D:/C_disk_extension_no_space/STM32/STM32CubeIDE_1.16.1/STM32CubeIDE/plugins/com.st.stm32cube.ide.mcu.externaltools.gnu-tools-for-stm32.12.3.rel1.win32_1.0.200.202406191623/tools/bin/../lib/gcc/arm-none-eabi/12.3.1/../../../../arm-none-eabi/lib/thumb/v7e-m+dp/hard\libc_nano.a(libc_a-atoll.o)
                              ./Core/Src/main.o (atoll)
D:/C_disk_extension_no_space/STM32/STM32CubeIDE_1.16.1/STM32CubeIDE/plugins/com.st.stm32cube.ide.mcu.externaltools.gnu-tools-for-stm32.12.3.rel1.win32_1.0.200.202406191623/tools/bin/../lib/gcc/arm-none-eabi/12.3.1/../../../../arm-none-eabi/lib/thumb/v7e-m+dp/hard\libc_nano.a(libc_a-ctype_.o)
                              D:/C_disk_extension_no_space/STM32/STM32CubeIDE_1.16.1/STM32CubeIDE/plugins/com.st.stm32cube.ide.mcu.externaltools.gnu-tools-for-stm32.12.3.rel1.win32_1.0.200.202406191623/tools/bin/../lib/gcc/arm-none-eabi/12.3.1/../../../../arm-none-eabi/lib/thumb/v7e-m+dp/hard\libc_nano.a(libc_a-strtol.o) (_ctype_)
D:/C_disk_extension_no_space/STM32/STM32CubeIDE_1.16.1/STM32CubeIDE/plugins/com.st.stm32cube.ide.mcu.externaltools.gnu-tools-for-stm32.12.3.rel1.win32_1.0.200.202406191623/tools/bin/../lib/gcc/arm-none-eabi/12.3.1/../../../../arm-none-eabi/lib/thumb/v7e-m+dp/hard\libc_nano.a(libc_a-findfp.o)
[...]
Memory Configuration

Name             Origin             Length             Attributes
FLASH            0x08000000         0x00020000         xr
DTCMRAM          0x20000000         0x00020000         xrw
RAM_D1           0x24000000         0x00080000         xrw
RAM_D2           0x30000000         0x00048000         xrw
RAM_D3           0x38000000         0x00010000         xrw
ITCMRAM          0x00000000         0x00010000         xrw
*default*        0x00000000         0xffffffff

Linker script and memory map

LOAD D:/C_disk_extension_no_space/STM32/STM32CubeIDE_1.16.1/STM32CubeIDE/plugins/com.st.stm32cube.ide.mcu.externaltools.gnu-tools-for-stm32.12.3.rel1.win32_1.0.200.202406191623/tools/bin/../lib/gcc/arm-none-eabi/12.3.1/thumb/v7e-m+dp/hard/crti.o
LOAD D:/C_disk_extension_no_space/STM32/STM32CubeIDE_1.16.1/STM32CubeIDE/plugins/com.st.stm32cube.ide.mcu.externaltools.gnu-tools-for-stm32.12.3.rel1.win32_1.0.200.202406191623/tools/bin/../lib/gcc/arm-none-eabi/12.3.1/thumb/v7e-m+dp/hard/crtbegin.o
LOAD D:/C_disk_extension_no_space/STM32/STM32CubeIDE_1.16.1/STM32CubeIDE/plugins/com.st.stm32cube.ide.mcu.externaltools.gnu-tools-for-stm32.12.3.rel1.win32_1.0.200.202406191623/tools/bin/../lib/gcc/arm-none-eabi/12.3.1/../../../../arm-none-eabi/lib/thumb/v7e-m+dp/hard/crt0.o
LOAD ./Core/Src/ADXL.o
LOAD ./Core/Src/MAX30102.o
LOAD ./Core/Src/SHT31.o
LOAD ./Core/Src/algorithm.o
LOAD ./Core/Src/fonts.o
LOAD ./Core/Src/freertos.o
LOAD ./Core/Src/main.o
LOAD ./Core/Src/st7789.o
LOAD ./Core/Src/stm32h7xx_hal_msp.o
LOAD ./Core/Src/stm32h7xx_hal_timebase_tim.o
LOAD ./Core/Src/stm32h7xx_it.o
LOAD ./Core/Src/syscalls.o
LOAD ./Core/Src/sysmem.o
LOAD ./Core/Src/system_stm32h7xx.o
LOAD ./Core/Startup/startup_stm32h750vbtx.o
LOAD ./Drivers/CMSIS/Device/ST/STM32H7xx/Source/Templates/system_stm32h7xx.o
LOAD ./Drivers/STM32H7xx_HAL_Driver/Src/stm32h7xx_hal.o
LOAD ./Drivers/STM32H7xx_HAL_Driver/Src/stm32h7xx_hal_cortex.o
LOAD ./Drivers/STM32H7xx_HAL_Driver/Src/stm32h7xx_hal_dma.o
LOAD ./Drivers/STM32H7xx_HAL_Driver/Src/stm32h7xx_hal_dma_ex.o
LOAD ./Drivers/STM32H7xx_HAL_Driver/Src/stm32h7xx_hal_exti.o
LOAD ./Drivers/STM32H7xx_HAL_Driver/Src/stm32h7xx_hal_flash.o
LOAD ./Drivers/STM32H7xx_HAL_Driver/Src/stm32h7xx_hal_flash_ex.o
LOAD ./Drivers/STM32H7xx_HAL_Driver/Src/stm32h7xx_hal_gpio.o
LOAD ./Drivers/STM32H7xx_HAL_Driver/Src/stm32h7xx_hal_hsem.o
LOAD ./Drivers/STM32H7xx_HAL_Driver/Src/stm32h7xx_hal_i2c.o
LOAD ./Drivers/STM32H7xx_HAL_Driver/Src/stm32h7xx_hal_i2c_ex.o
LOAD ./Drivers/STM32H7xx_HAL_Driver/Src/stm32h7xx_hal_mdma.o
LOAD ./Drivers/STM32H7xx_HAL_Driver/Src/stm32h7xx_hal_pwr.o
LOAD ./Drivers/STM32H7xx_HAL_Driver/Src/stm32h7xx_hal_pwr_ex.o
LOAD ./Drivers/STM32H7xx_HAL_Driver/Src/stm32h7xx_hal_rcc.o
LOAD ./Drivers/STM32H7xx_HAL_Driver/Src/stm32h7xx_hal_rcc_ex.o
LOAD ./Drivers/STM32H7xx_HAL_Driver/Src/stm32h7xx_hal_rtc.o
LOAD ./Drivers/STM32H7xx_HAL_Driver/Src/stm32h7xx_hal_rtc_ex.o
LOAD ./Drivers/STM32H7xx_HAL_Driver/Src/stm32h7xx_hal_spi.o
LOAD ./Drivers/STM32H7xx_HAL_Driver/Src/stm32h7xx_hal_spi_ex.o
LOAD ./Drivers/STM32H7xx_HAL_Driver/Src/stm32h7xx_hal_tim.o
LOAD ./Drivers/STM32H7xx_HAL_Driver/Src/stm32h7xx_hal_tim_ex.o
LOAD ./Drivers/STM32H7xx_HAL_Driver/Src/stm32h7xx_hal_uart.o
LOAD ./Drivers/STM32H7xx_HAL_Driver/Src/stm32h7xx_hal_uart_ex.o
LOAD ./Middlewares/Third_Party/FreeRTOS/Source/CMSIS_RTOS_V2/cmsis_os2.o
LOAD ./Middlewares/Third_Party/FreeRTOS/Source/croutine.o
LOAD ./Middlewares/Third_Party/FreeRTOS/Source/event_groups.o
LOAD ./Middlewares/Third_Party/FreeRTOS/Source/list.o
LOAD ./Middlewares/Third_Party/FreeRTOS/Source/queue.o
LOAD ./Middlewares/Third_Party/FreeRTOS/Source/stream_buffer.o
LOAD ./Middlewares/Third_Party/FreeRTOS/Source/tasks.o
LOAD ./Middlewares/Third_Party/FreeRTOS/Source/timers.o
LOAD ./Middlewares/Third_Party/FreeRTOS/Source/portable/GCC/ARM_CM4F/port.o
LOAD ./Middlewares/Third_Party/FreeRTOS/Source/portable/MemMang/heap_4.o
START GROUP
LOAD D:/C_disk_extension_no_space/STM32/STM32CubeIDE_1.16.1/STM32CubeIDE/plugins/com.st.stm32cube.ide.mcu.externaltools.gnu-tools-for-stm32.12.3.rel1.win32_1.0.200.202406191623/tools/bin/../lib/gcc/arm-none-eabi/12.3.1/../../../../arm-none-eabi/lib/thumb/v7e-m+dp/hard\libstdc++_nano.a
LOAD D:/C_disk_extension_no_space/STM32/STM32CubeIDE_1.16.1/STM32CubeIDE/plugins/com.st.stm32cube.ide.mcu.externaltools.gnu-tools-for-stm32.12.3.rel1.win32_1.0.200.202406191623/tools/bin/../lib/gcc/arm-none-eabi/12.3.1/../../../../arm-none-eabi/lib/thumb/v7e-m+dp/hard\libsupc++_nano.a
END GROUP
LOAD D:/C_disk_extension_no_space/STM32/STM32CubeIDE_1.16.1/STM32CubeIDE/plugins/com.st.stm32cube.ide.mcu.externaltools.gnu-tools-for-stm32.12.3.rel1.win32_1.0.200.202406191623/tools/bin/../lib/gcc/arm-none-eabi/12.3.1/../../../../arm-none-eabi/lib/thumb/v7e-m+dp/hard\libstdc++_nano.a
LOAD D:/C_disk_extension_no_space/STM32/STM32CubeIDE_1.16.1/STM32CubeIDE/plugins/com.st.stm32cube.ide.mcu.externaltools.gnu-tools-for-stm32.12.3.rel1.win32_1.0.200.202406191623/tools/bin/../lib/gcc/arm-none-eabi/12.3.1/../../../../arm-none-eabi/lib/thumb/v7e-m+dp/hard\libm.a
LOAD D:/C_disk_extension_no_space/STM32/STM32CubeIDE_1.16.1/STM32CubeIDE/plugins/com.st.stm32cube.ide.mcu.externaltools.gnu-tools-for-stm32.12.3.rel1.win32_1.0.200.202406191623/tools/bin/../lib/gcc/arm-none-eabi/12.3.1/../../../../arm-none-eabi/lib/thumb/v7e-m+dp/hard\libc_nano.a
START GROUP
LOAD D:/C_disk_extension_no_space/STM32/STM32CubeIDE_1.16.1/STM32CubeIDE/plugins/com.st.stm32cube.ide.mcu.externaltools.gnu-tools-for-stm32.12.3.rel1.win32_1.0.200.202406191623/tools/bin/../lib/gcc/arm-none-eabi/12.3.1/thumb/v7e-m+dp/hard\libgcc.a
LOAD D:/C_disk_extension_no_space/STM32/STM32CubeIDE_1.16.1/STM32CubeIDE/plugins/com.st.stm32cube.ide.mcu.externaltools.gnu-tools-for-stm32.12.3.rel1.win32_1.0.200.202406191623/tools/bin/../lib/gcc/arm-none-eabi/12.3.1/../../../../arm-none-eabi/lib/thumb/v7e-m+dp/hard\libc_nano.a
END GROUP
START GROUP
LOAD D:/C_disk_extension_no_space/STM32/STM32CubeIDE_1.16.1/STM32CubeIDE/plugins/com.st.stm32cube.ide.mcu.externaltools.gnu-tools-for-stm32.12.3.rel1.win32_1.0.200.202406191623/tools/bin/../lib/gcc/arm-none-eabi/12.3.1/thumb/v7e-m+dp/hard\libgcc.a
LOAD D:/C_disk_extension_no_space/STM32/STM32CubeIDE_1.16.1/STM32CubeIDE/plugins/com.st.stm32cube.ide.mcu.externaltools.gnu-tools-for-stm32.12.3.rel1.win32_1.0.200.202406191623/tools/bin/../lib/gcc/arm-none-eabi/12.3.1/../../../../arm-none-eabi/lib/thumb/v7e-m+dp/hard\libc_nano.a
LOAD D:/C_disk_extension_no_space/STM32/STM32CubeIDE_1.16.1/STM32CubeIDE/plugins/com.st.stm32cube.ide.mcu.externaltools.gnu-tools-for-stm32.12.3.rel1.win32_1.0.200.202406191623/tools/bin/../lib/gcc/arm-none-eabi/12.3.1/../../../../arm-none-eabi/lib/thumb/v7e-m+dp/hard\libnosys.a
END GROUP
START GROUP
LOAD D:/C_disk_extension_no_space/STM32/STM32CubeIDE_1.16.1/STM32CubeIDE/plugins/com.st.stm32cube.ide.mcu.externaltools.gnu-tools-for-stm32.12.3.rel1.win32_1.0.200.202406191623/tools/bin/../lib/gcc/arm-none-eabi/12.3.1/thumb/v7e-m+dp/hard\libgcc.a
LOAD D:/C_disk_extension_no_space/STM32/STM32CubeIDE_1.16.1/STM32CubeIDE/plugins/com.st.stm32cube.ide.mcu.externaltools.gnu-tools-for-stm32.12.3.rel1.win32_1.0.200.202406191623/tools/bin/../lib/gcc/arm-none-eabi/12.3.1/../../../../arm-none-eabi/lib/thumb/v7e-m+dp/hard\libc_nano.a
LOAD D:/C_disk_extension_no_space/STM32/STM32CubeIDE_1.16.1/STM32CubeIDE/plugins/com.st.stm32cube.ide.mcu.externaltools.gnu-tools-for-stm32.12.3.rel1.win32_1.0.200.202406191623/tools/bin/../lib/gcc/arm-none-eabi/12.3.1/../../../../arm-none-eabi/lib/thumb/v7e-m+dp/hard\libnosys.a
END GROUP
LOAD D:/C_disk_extension_no_space/STM32/STM32CubeIDE_1.16.1/STM32CubeIDE/plugins/com.st.stm32cube.ide.mcu.externaltools.gnu-tools-for-stm32.12.3.rel1.win32_1.0.200.202406191623/tools/bin/../lib/gcc/arm-none-eabi/12.3.1/thumb/v7e-m+dp/hard/crtend.o
LOAD D:/C_disk_extension_no_space/STM32/STM32CubeIDE_1.16.1/STM32CubeIDE/plugins/com.st.stm32cube.ide.mcu.externaltools.gnu-tools-for-stm32.12.3.rel1.win32_1.0.200.202406191623/tools/bin/../lib/gcc/arm-none-eabi/12.3.1/thumb/v7e-m+dp/hard/crtn.o
                0x24080000                        _estack = (ORIGIN (RAM_D1) + LENGTH (RAM_D1))
                0x00000200                        _Min_Heap_Size = 0x200
                0x00000400                        _Min_Stack_Size = 0x400

.isr_vector     0x08000000      0x298
                0x08000000                        . = ALIGN (0x4)
 *(.isr_vector)
 .isr_vector    0x08000000      0x298 ./Core/Startup/startup_stm32h750vbtx.o
                0x08000000                g_pfnVectors
                0x08000298                        . = ALIGN (0x4)

.text           0x080002a0    0x185d0
                0x080002a0                        . = ALIGN (0x4)
 *(.text)
 .text          0x080002a0       0x40 D:/C_disk_extension_no_space/STM32/STM32CubeIDE_1.16.1/STM32CubeIDE/plugins/com.st.stm32cube.ide.mcu.externaltools.gnu-tools-for-stm32.12.3.rel1.win32_1.0.200.202406191623/tools/bin/../lib/gcc/arm-none-eabi/12.3.1/thumb/v7e-m+dp/hard/crtbegin.o
 .text          0x080002e0       0x14 D:/C_disk_extension_no_space/STM32/STM32CubeIDE_1.16.1/STM32CubeIDE/plugins/com.st.stm32cube.ide.mcu.externaltools.gnu-tools-for-stm32.12.3.rel1.win32_1.0.200.202406191623/tools/bin/../lib/gcc/arm-none-eabi/12.3.1/../../../../arm-none-eabi/lib/thumb/v7e-m+dp/hard\libc_nano.a(libc_a-strcmp.o)
                0x080002e0                strcmp
 *fill*         0x080002f4        0xc 
 .text          0x08000300       0xa0 D:/C_disk_extension_no_space/STM32/STM32CubeIDE_1.16.1/STM32CubeIDE/plugins/com.st.stm32cube.ide.mcu.externaltools.gnu-tools-for-stm32.12.3.rel1.win32_1.0.200.202406191623/tools/bin/../lib/gcc/arm-none-eabi/12.3.1/../../../../arm-none-eabi/lib/thumb/v7e-m+dp/hard\libc_nano.a(libc_a-memchr.o)
                0x08000300                memchr
 .text          0x080003a0       0x30 D:/C_disk_extension_no_space/STM32/STM32CubeIDE_1.16.1/STM32CubeIDE/plugins/com.st.stm32cube.ide.mcu.externaltools.gnu-tools-for-stm32.12.3.rel1.win32_1.0.200.202406191623/tools/bin/../lib/gcc/arm-none-eabi/12.3.1/thumb/v7e-m+dp/hard\libgcc.a(_aeabi_uldivmod.o)
                0x080003a0                __aeabi_uldivmod
 .text          0x080003d0      0x2bc D:/C_disk_extension_no_space/STM32/STM32CubeIDE_1.16.1/STM32CubeIDE/plugins/com.st.stm32cube.ide.mcu.externaltools.gnu-tools-for-stm32.12.3.rel1.win32_1.0.200.202406191623/tools/bin/../lib/gcc/arm-none-eabi/12.3.1/thumb/v7e-m+dp/hard\libgcc.a(_udivmoddi4.o)
                0x080003d0                __udivmoddi4
 .text          0x0800068c        0x4 D:/C_disk_extension_no_space/STM32/STM32CubeIDE_1.16.1/STM32CubeIDE/plugins/com.st.stm32cube.ide.mcu.externaltools.gnu-tools-for-stm32.12.3.rel1.win32_1.0.200.202406191623/tools/bin/../lib/gcc/arm-none-eabi/12.3.1/thumb/v7e-m+dp/hard\libgcc.a(_dvmd_tls.o)
                0x0800068c                __aeabi_idiv0
                0x0800068c                __aeabi_ldiv0
 *(.text*)
 .text.writeRegister
                0x08000690       0x60 ./Core/Src/ADXL.o
 .text.readRegister
                0x080006f0       0x80 ./Core/Src/ADXL.o
 .text.adxlBW   0x08000770       0x88 ./Core/Src/ADXL.o
 .text.adxlFormat
                0x080007f8       0x60 ./Core/Src/ADXL.o
 .text.ADXL_Init
                0x08000858      0x15c ./Core/Src/ADXL.o
                0x08000858                ADXL_Init
 .text.ADXL_getAccel
                0x080009b4      0x108 ./Core/Src/ADXL.o
                0x080009b4                ADXL_getAccel
 .text.ADXL_Measure
                0x08000abc       0x62 ./Core/Src/ADXL.o
                0x08000abc                ADXL_Measure
 .text.ADXL_Standby
                0x08000b1e       0x62 ./Core/Src/ADXL.o
                0x08000b1e                ADXL_Standby
 .text.Max30102_WriteReg
                0x08000b80       0x44 ./Core/Src/MAX30102.o
                0x08000b80                Max30102_WriteReg
 .text.Max30102_ReadReg
                0x08000bc4       0x40 ./Core/Src/MAX30102.o
                0x08000bc4                Max30102_ReadReg
 .text.Max30102_WriteRegisterBit
                0x08000c04       0x7e ./Core/Src/MAX30102.o
                0x08000c04                Max30102_WriteRegisterBit
 *fill*         0x08000c82        0x2 
 .text.Max30102_ReadFifo
                0x08000c84       0xdc ./Core/Src/MAX30102.o
                0x08000c84                Max30102_ReadFifo
 .text.Max30102_SetIntAlmostFullEnabled
                0x08000d60       0x20 ./Core/Src/MAX30102.o
                0x08000d60                Max30102_SetIntAlmostFullEnabled
 .text.Max30102_SetIntFifoDataReadyEnabled
                0x08000d80       0x20 ./Core/Src/MAX30102.o
                0x08000d80                Max30102_SetIntFifoDataReadyEnabled
 .text.Max30102_ReadInterruptStatus
                0x08000da0       0x48 ./Core/Src/MAX30102.o
                0x08000da0                Max30102_ReadInterruptStatus
 .text.Max30102_InterruptCallback
                0x08000de8      0x164 ./Core/Src/MAX30102.o
                0x08000de8                Max30102_InterruptCallback
 .text.Max30102_FifoWritePointer
                0x08000f4c       0x2e ./Core/Src/MAX30102.o
                0x08000f4c                Max30102_FifoWritePointer
 .text.Max30102_FifoOverflowCounter
                0x08000f7a       0x2e ./Core/Src/MAX30102.o
                0x08000f7a                Max30102_FifoOverflowCounter
 .text.Max30102_FifoReadPointer
                0x08000fa8       0x2e ./Core/Src/MAX30102.o
                0x08000fa8                Max30102_FifoReadPointer
 .text.Max30102_FifoSampleAveraging
                0x08000fd6       0x5a ./Core/Src/MAX30102.o
                0x08000fd6                Max30102_FifoSampleAveraging
 .text.Max30102_FifoRolloverEnable
                0x08001030       0x26 ./Core/Src/MAX30102.o
                0x08001030                Max30102_FifoRolloverEnable
 .text.Max30102_FifoAlmostFullValue
                0x08001056       0x7a ./Core/Src/MAX30102.o
                0x08001056                Max30102_FifoAlmostFullValue
 .text.Max30102_Reset
                0x080010d0       0x44 ./Core/Src/MAX30102.o
                0x080010d0                Max30102_Reset
 .text.Max30102_SetMode
                0x08001114       0x5e ./Core/Src/MAX30102.o
                0x08001114                Max30102_SetMode
 .text.Max30102_SpO2AdcRange
                0x08001172       0x60 ./Core/Src/MAX30102.o
                0x08001172                Max30102_SpO2AdcRange
 .text.Max30102_SpO2SampleRate
                0x080011d2       0x60 ./Core/Src/MAX30102.o
                0x080011d2                Max30102_SpO2SampleRate
 .text.Max30102_SpO2LedPulseWidth
                0x08001232       0x5e ./Core/Src/MAX30102.o
                0x08001232                Max30102_SpO2LedPulseWidth
 .text.Max30102_Led1PulseAmplitude
                0x08001290       0x28 ./Core/Src/MAX30102.o
                0x08001290                Max30102_Led1PulseAmplitude
 .text.Max30102_Led2PulseAmplitude
                0x080012b8       0x28 ./Core/Src/MAX30102.o
                0x080012b8                Max30102_Led2PulseAmplitude
 .text.Max30102_GetHeartRate
                0x080012e0       0x18 ./Core/Src/MAX30102.o
                0x080012e0                Max30102_GetHeartRate
 .text.Max30102_GetSpO2Value
                0x080012f8       0x18 ./Core/Src/MAX30102.o
                0x080012f8                Max30102_GetSpO2Value
 .text.Max30102_Task
                0x08001310      0x16c ./Core/Src/MAX30102.o
                0x08001310                Max30102_Task
 .text.Max30102_Init
                0x0800147c      0x12c ./Core/Src/MAX30102.o
                0x0800147c                Max30102_Init
 .text.SHT31_Config
                0x080015a8       0x44 ./Core/Src/SHT31.o
                0x080015a8                SHT31_Config
 .text.SHT31_SendCommand
                0x080015ec       0x54 ./Core/Src/SHT31.o
                0x080015ec                SHT31_SendCommand
 .text.SHT31_GetBytes
                0x08001640       0x44 ./Core/Src/SHT31.o
                0x08001640                SHT31_GetBytes
 .text.SHT31_GetData
                0x08001684      0x158 ./Core/Src/SHT31.o
                0x08001684                SHT31_GetData
 .text.SHT31_GetCommand
                0x080017dc       0x78 ./Core/Src/SHT31.o
                0x080017dc                SHT31_GetCommand
 .text.SHT31_CRC_8
                0x08001854       0x74 ./Core/Src/SHT31.o
                0x08001854                SHT31_CRC_8
 .text.SHT31_GetHumidity
                0x080018c8       0x44 ./Core/Src/SHT31.o
                0x080018c8                SHT31_GetHumidity
 *fill*         0x0800190c        0x4 
 .text.SHT31_GetTemperature
                0x08001910       0x54 ./Core/Src/SHT31.o
                0x08001910                SHT31_GetTemperature
 .text.maxim_heart_rate_and_oxygen_saturation
                0x08001964      0xa38 ./Core/Src/algorithm.o
                0x08001964                maxim_heart_rate_and_oxygen_saturation
 .text.maxim_find_peaks
                0x0800239c       0x42 ./Core/Src/algorithm.o
                0x0800239c                maxim_find_peaks
 .text.maxim_peaks_above_min_height
                0x080023de       0xe8 ./Core/Src/algorithm.o
                0x080023de                maxim_peaks_above_min_height
 .text.maxim_remove_close_peaks
                0x080024c6       0xc0 ./Core/Src/algorithm.o
                0x080024c6                maxim_remove_close_peaks
 .text.maxim_sort_ascend
                0x08002586       0x86 ./Core/Src/algorithm.o
                0x08002586                maxim_sort_ascend
 .text.maxim_sort_indices_descend
                0x0800260c       0x98 ./Core/Src/algorithm.o
                0x0800260c                maxim_sort_indices_descend
 .text.RTC_setTime
                0x080026a4       0x88 ./Core/Src/main.o
                0x080026a4                RTC_setTime
 .text.RTC_getTime
                0x0800272c       0xf8 ./Core/Src/main.o
                0x0800272c                RTC_getTime
 .text.RTC_displayTime
                0x08002824      0x1e8 ./Core/Src/main.o
                0x08002824                RTC_displayTime
 .text.WEATHER_display_current
                0x08002a0c      0x598 ./Core/Src/main.o
                0x08002a0c                WEATHER_display_current
 .text.WEATHER_display_forecast
                0x08002fa4      0x4f8 ./Core/Src/main.o
                0x08002fa4                WEATHER_display_forecast
 .text.WEATHER_display
                0x0800349c       0xd8 ./Core/Src/main.o
                0x0800349c                WEATHER_display
 .text.GAME_snake_check_and_delay
                0x08003574       0xa4 ./Core/Src/main.o
                0x08003574                GAME_snake_check_and_delay
 .text.GAME_snake_rst
                0x08003618       0x70 ./Core/Src/main.o
                0x08003618                GAME_snake_rst
 .text.GAME_snake_gameover
                0x08003688      0x124 ./Core/Src/main.o
                0x08003688                GAME_snake_gameover
 .text.GAME_snake_draw_score
                0x080037ac       0x8c ./Core/Src/main.o
                0x080037ac                GAME_snake_draw_score
 .text.GAME_snake_append_square
                0x08003838       0x58 ./Core/Src/main.o
                0x08003838                GAME_snake_append_square
 .text.GAME_snake_check_apple
                0x08003890       0x7c ./Core/Src/main.o
                0x08003890                GAME_snake_check_apple
 .text.GAME_snake_check_collision
                0x0800390c       0x58 ./Core/Src/main.o
                0x0800390c                GAME_snake_check_collision
 .text.GAME_snake_step
                0x08003964       0x80 ./Core/Src/main.o
                0x08003964                GAME_snake_step
 .text.GAME_snake_check_direction
                0x080039e4      0x100 ./Core/Src/main.o
                0x080039e4                GAME_snake_check_direction
 .text.GAME_snake_draw_quadrat
                0x08003ae4       0x70 ./Core/Src/main.o
                0x08003ae4                GAME_snake_draw_quadrat
 .text.GAME_snake_spawn_apple
                0x08003b54       0xf4 ./Core/Src/main.o
                0x08003b54                GAME_snake_spawn_apple
 .text.GAME_snake_startScreen
                0x08003c48       0xac ./Core/Src/main.o
                0x08003c48                GAME_snake_startScreen
 .text.GAME_snake_gamePlay
                0x08003cf4       0xb0 ./Core/Src/main.o
                0x08003cf4                GAME_snake_gamePlay
 .text.GAME_snake_loop
                0x08003da4       0x2c ./Core/Src/main.o
                0x08003da4                GAME_snake_loop
 .text.ESP32_check_data
                0x08003dd0       0x68 ./Core/Src/main.o
                0x08003dd0                ESP32_check_data
 .text.ESP32_check_data_large
                0x08003e38       0x60 ./Core/Src/main.o
                0x08003e38                ESP32_check_data_large
 .text.HAL_UART_RxCpltCallback
                0x08003e98      0xed4 ./Core/Src/main.o
                0x08003e98                HAL_UART_RxCpltCallback
 .text.handshaking
                0x08004d6c      0x51c ./Core/Src/main.o
                0x08004d6c                handshaking
 .text.main     0x08005288      0x1a8 ./Core/Src/main.o
                0x08005288                main
 .text.SystemClock_Config
                0x08005430      0x15c ./Core/Src/main.o
                0x08005430                SystemClock_Config
 .text.MX_I2C1_Init
                0x0800558c       0x80 ./Core/Src/main.o
 .text.MX_I2C4_Init
                0x0800560c       0x80 ./Core/Src/main.o
 .text.MX_RTC_Init
                0x0800568c       0xbc ./Core/Src/main.o
 .text.MX_SPI1_Init
                0x08005748       0xb0 ./Core/Src/main.o
 .text.MX_SPI2_Init
                0x080057f8       0xb0 ./Core/Src/main.o
 .text.MX_USART2_UART_Init
                0x080058a8       0x98 ./Core/Src/main.o
 .text.MX_DMA_Init
                0x08005940       0x40 ./Core/Src/main.o
 .text.MX_GPIO_Init
                0x08005980      0x168 ./Core/Src/main.o
 .text.StartDefaultTask
                0x08005ae8       0x38 ./Core/Src/main.o
                0x08005ae8                StartDefaultTask
 .text.Start_ADXL_Task
                0x08005b20       0x74 ./Core/Src/main.o
                0x08005b20                Start_ADXL_Task
 .text.Start_FSM_Task
                0x08005b94     0x12d8 ./Core/Src/main.o
                0x08005b94                Start_FSM_Task
 .text.Start_SHT_Task
                0x08006e6c       0xb4 ./Core/Src/main.o
                0x08006e6c                Start_SHT_Task
 .text.MPU_Config
                0x08006f20       0x58 ./Core/Src/main.o
 .text.HAL_TIM_PeriodElapsedCallback
                0x08006f78       0x24 ./Core/Src/main.o
                0x08006f78                HAL_TIM_PeriodElapsedCallback
 .text.Error_Handler
                0x08006f9c        0xc ./Core/Src/main.o
                0x08006f9c                Error_Handler
 .text.ST7789_WriteCommand
                0x08006fa8       0x4c ./Core/Src/st7789.o
 .text.ST7789_WriteData
                0x08006ff4       0xa0 ./Core/Src/st7789.o
 .text.ST7789_WriteSmallData
                0x08007094       0x4c ./Core/Src/st7789.o
 .text.ST7789_SetRotation
                0x080070e0       0x58 ./Core/Src/st7789.o
                0x080070e0                ST7789_SetRotation
 .text.ST7789_SetAddressWindow
                0x08007138       0xbc ./Core/Src/st7789.o
 .text.ST7789_Init
                0x080071f4      0x150 ./Core/Src/st7789.o
                0x080071f4                ST7789_Init
 .text.MemsetBuffer
                0x08007344       0x3c ./Core/Src/st7789.o
                0x08007344                MemsetBuffer
 .text.ST7789_Fill_Color
                0x08007380       0x70 ./Core/Src/st7789.o
                0x08007380                ST7789_Fill_Color
 .text.ST7789_DrawPixel
                0x080073f0       0x6c ./Core/Src/st7789.o
                0x080073f0                ST7789_DrawPixel
 .text.ST7789_Fill
                0x0800745c       0xa0 ./Core/Src/st7789.o
                0x0800745c                ST7789_Fill
 .text.ST7789_DrawLine
                0x080074fc      0x11a ./Core/Src/st7789.o
                0x080074fc                ST7789_DrawLine
 *fill*         0x08007616        0x2 
 .text.ST7789_DrawRectangle
                0x08007618       0x8c ./Core/Src/st7789.o
                0x08007618                ST7789_DrawRectangle
 .text.ST7789_DrawImage
                0x080076a4       0xa0 ./Core/Src/st7789.o
                0x080076a4                ST7789_DrawImage
 .text.ST7789_DrawImageComp
                0x08007744      0x108 ./Core/Src/st7789.o
                0x08007744                ST7789_DrawImageComp
 .text.ST7789_WriteChar
                0x0800784c      0x100 ./Core/Src/st7789.o
                0x0800784c                ST7789_WriteChar
 .text.ST7789_WriteCharMedium
                0x0800794c      0x130 ./Core/Src/st7789.o
                0x0800794c                ST7789_WriteCharMedium
 .text.ST7789_WriteString
                0x08007a7c       0xa8 ./Core/Src/st7789.o
                0x08007a7c                ST7789_WriteString
 .text.ST7789_WriteStringMedium
                0x08007b24       0xa8 ./Core/Src/st7789.o
                0x08007b24                ST7789_WriteStringMedium
 .text.wmemset  0x08007bcc       0x90 ./Core/Src/st7789.o
                0x08007bcc                wmemset
 .text.ST7789_DrawSlider
                0x08007c5c      0x4b4 ./Core/Src/st7789.o
                0x08007c5c                ST7789_DrawSlider
 .text.HAL_MspInit
                0x08008110       0x3c ./Core/Src/stm32h7xx_hal_msp.o
                0x08008110                HAL_MspInit
 .text.HAL_I2C_MspInit
                0x0800814c      0x170 ./Core/Src/stm32h7xx_hal_msp.o
                0x0800814c                HAL_I2C_MspInit
 .text.HAL_RTC_MspInit
                0x080082bc       0x68 ./Core/Src/stm32h7xx_hal_msp.o
                0x080082bc                HAL_RTC_MspInit
 .text.HAL_SPI_MspInit
                0x08008324      0x1dc ./Core/Src/stm32h7xx_hal_msp.o
                0x08008324                HAL_SPI_MspInit
 .text.HAL_UART_MspInit
                0x08008500       0xe0 ./Core/Src/stm32h7xx_hal_msp.o
                0x08008500                HAL_UART_MspInit
 .text.HAL_InitTick
                0x080085e0       0xd8 ./Core/Src/stm32h7xx_hal_timebase_tim.o
                0x080085e0                HAL_InitTick
 .text.NMI_Handler
                0x080086b8        0x8 ./Core/Src/stm32h7xx_it.o
                0x080086b8                NMI_Handler
 .text.HardFault_Handler
                0x080086c0        0x8 ./Core/Src/stm32h7xx_it.o
                0x080086c0                HardFault_Handler
 .text.MemManage_Handler
                0x080086c8        0x8 ./Core/Src/stm32h7xx_it.o
                0x080086c8                MemManage_Handler
 .text.BusFault_Handler
                0x080086d0        0x8 ./Core/Src/stm32h7xx_it.o
                0x080086d0                BusFault_Handler
 .text.UsageFault_Handler
                0x080086d8        0x8 ./Core/Src/stm32h7xx_it.o
                0x080086d8                UsageFault_Handler
 .text.DebugMon_Handler
                0x080086e0        0xe ./Core/Src/stm32h7xx_it.o
                0x080086e0                DebugMon_Handler
 .text.EXTI4_IRQHandler
                0x080086ee       0x12 ./Core/Src/stm32h7xx_it.o
                0x080086ee                EXTI4_IRQHandler
 .text.DMA1_Stream0_IRQHandler
                0x08008700       0x14 ./Core/Src/stm32h7xx_it.o
                0x08008700                DMA1_Stream0_IRQHandler
 .text.SPI2_IRQHandler
                0x08008714       0x14 ./Core/Src/stm32h7xx_it.o
                0x08008714                SPI2_IRQHandler
 .text.USART2_IRQHandler
                0x08008728       0x14 ./Core/Src/stm32h7xx_it.o
                0x08008728                USART2_IRQHandler
 .text.TIM5_IRQHandler
                0x0800873c       0x14 ./Core/Src/stm32h7xx_it.o
                0x0800873c                TIM5_IRQHandler
 .text._getpid  0x08008750       0x10 ./Core/Src/syscalls.o
                0x08008750                _getpid
 .text._kill    0x08008760       0x20 ./Core/Src/syscalls.o
                0x08008760                _kill
 .text._exit    0x08008780       0x16 ./Core/Src/syscalls.o
                0x08008780                _exit
 .text._read    0x08008796       0x3a ./Core/Src/syscalls.o
                0x08008796                _read
 .text._write   0x080087d0       0x38 ./Core/Src/syscalls.o
                0x080087d0                _write
 .text._close   0x08008808       0x18 ./Core/Src/syscalls.o
                0x08008808                _close
 .text._fstat   0x08008820       0x20 ./Core/Src/syscalls.o
                0x08008820                _fstat
 .text._isatty  0x08008840       0x16 ./Core/Src/syscalls.o
                0x08008840                _isatty
 .text._lseek   0x08008856       0x1a ./Core/Src/syscalls.o
                0x08008856                _lseek
 .text._sbrk    0x08008870       0x6c ./Core/Src/sysmem.o
                0x08008870                _sbrk
 .text.SystemInit
                0x080088dc      0x110 ./Core/Src/system_stm32h7xx.o
                0x080088dc                SystemInit
 .text.Reset_Handler
                0x080089ec       0x50 ./Core/Startup/startup_stm32h750vbtx.o
                0x080089ec                Reset_Handler
 .text.Default_Handler
                0x08008a3c        0x2 ./Core/Startup/startup_stm32h750vbtx.o
                0x08008a3c                RTC_Alarm_IRQHandler
                0x08008a3c                HASH_RNG_IRQHandler
                0x08008a3c                EXTI2_IRQHandler
                0x08008a3c                TIM8_CC_IRQHandler
                0x08008a3c                HRTIM1_Master_IRQHandler
                0x08008a3c                UART8_IRQHandler
                0x08008a3c                SPI4_IRQHandler
                0x08008a3c                TIM1_CC_IRQHandler
                0x08008a3c                BDMA_Channel6_IRQHandler
                0x08008a3c                DMA2_Stream5_IRQHandler
                0x08008a3c                HRTIM1_FLT_IRQHandler
                0x08008a3c                JPEG_IRQHandler
                0x08008a3c                DMA1_Stream5_IRQHandler
                0x08008a3c                BDMA_Channel1_IRQHandler
                0x08008a3c                HRTIM1_TIMD_IRQHandler
                0x08008a3c                TAMP_STAMP_IRQHandler
                0x08008a3c                EXTI3_IRQHandler
                0x08008a3c                LPTIM4_IRQHandler
                0x08008a3c                TIM8_TRG_COM_TIM14_IRQHandler
                0x08008a3c                LPTIM2_IRQHandler
                0x08008a3c                DFSDM1_FLT1_IRQHandler
                0x08008a3c                DMAMUX2_OVR_IRQHandler
                0x08008a3c                TIM8_UP_TIM13_IRQHandler
                0x08008a3c                I2C3_ER_IRQHandler
                0x08008a3c                DFSDM1_FLT2_IRQHandler
                0x08008a3c                MDMA_IRQHandler
                0x08008a3c                LPTIM3_IRQHandler
                0x08008a3c                HSEM1_IRQHandler
                0x08008a3c                EXTI0_IRQHandler
                0x08008a3c                I2C2_EV_IRQHandler
                0x08008a3c                DMA1_Stream2_IRQHandler
                0x08008a3c                FPU_IRQHandler
                0x08008a3c                OTG_HS_WKUP_IRQHandler
                0x08008a3c                FDCAN1_IT1_IRQHandler
                0x08008a3c                LTDC_ER_IRQHandler
                0x08008a3c                DMA2_Stream2_IRQHandler
                0x08008a3c                HRTIM1_TIME_IRQHandler
                0x08008a3c                SPI1_IRQHandler
                0x08008a3c                TIM6_DAC_IRQHandler
                0x08008a3c                DCMI_IRQHandler
                0x08008a3c                HRTIM1_TIMC_IRQHandler
                0x08008a3c                DMA2_Stream3_IRQHandler
                0x08008a3c                SAI2_IRQHandler
                0x08008a3c                DFSDM1_FLT3_IRQHandler
                0x08008a3c                USART6_IRQHandler
                0x08008a3c                TIM17_IRQHandler
                0x08008a3c                USART3_IRQHandler
                0x08008a3c                BDMA_Channel7_IRQHandler
                0x08008a3c                CRYP_IRQHandler
                0x08008a3c                LPTIM5_IRQHandler
                0x08008a3c                UART5_IRQHandler
                0x08008a3c                ADC3_IRQHandler
                0x08008a3c                DMA2_Stream0_IRQHandler
                0x08008a3c                TIM4_IRQHandler
                0x08008a3c                BDMA_Channel2_IRQHandler
                0x08008a3c                QUADSPI_IRQHandler
                0x08008a3c                I2C1_EV_IRQHandler
                0x08008a3c                DMA1_Stream6_IRQHandler
                0x08008a3c                DMAMUX1_OVR_IRQHandler
                0x08008a3c                DMA1_Stream1_IRQHandler
                0x08008a3c                TIM16_IRQHandler
                0x08008a3c                UART4_IRQHandler
                0x08008a3c                BDMA_Channel5_IRQHandler
                0x08008a3c                TIM3_IRQHandler
                0x08008a3c                RCC_IRQHandler
                0x08008a3c                TIM8_BRK_TIM12_IRQHandler
                0x08008a3c                TIM1_TRG_COM_IRQHandler
                0x08008a3c                Default_Handler
                0x08008a3c                ECC_IRQHandler
                0x08008a3c                CEC_IRQHandler
                0x08008a3c                EXTI15_10_IRQHandler
                0x08008a3c                BDMA_Channel0_IRQHandler
                0x08008a3c                ADC_IRQHandler
                0x08008a3c                DMA1_Stream7_IRQHandler
                0x08008a3c                HRTIM1_TIMA_IRQHandler
                0x08008a3c                SPI5_IRQHandler
                0x08008a3c                TIM7_IRQHandler
                0x08008a3c                SDMMC1_IRQHandler
                0x08008a3c                DMA2_Stream7_IRQHandler
                0x08008a3c                TIM15_IRQHandler
                0x08008a3c                PVD_AVD_IRQHandler
                0x08008a3c                I2C3_EV_IRQHandler
                0x08008a3c                EXTI9_5_IRQHandler
                0x08008a3c                RTC_WKUP_IRQHandler
                0x08008a3c                LTDC_IRQHandler
                0x08008a3c                SAI3_IRQHandler
                0x08008a3c                ETH_WKUP_IRQHandler
                0x08008a3c                SPDIF_RX_IRQHandler
                0x08008a3c                OTG_HS_EP1_IN_IRQHandler
                0x08008a3c                CRS_IRQHandler
                0x08008a3c                HRTIM1_TIMB_IRQHandler
                0x08008a3c                FDCAN2_IT1_IRQHandler
                0x08008a3c                ETH_IRQHandler
                0x08008a3c                TIM1_UP_IRQHandler
                0x08008a3c                BDMA_Channel4_IRQHandler
                0x08008a3c                OTG_HS_EP1_OUT_IRQHandler
                0x08008a3c                WWDG_IRQHandler
                0x08008a3c                SPI6_IRQHandler
                0x08008a3c                MDIOS_IRQHandler
                0x08008a3c                I2C4_EV_IRQHandler
                0x08008a3c                FDCAN2_IT0_IRQHandler
                0x08008a3c                LPUART1_IRQHandler
                0x08008a3c                FDCAN1_IT0_IRQHandler
                0x08008a3c                TIM2_IRQHandler
                0x08008a3c                OTG_FS_WKUP_IRQHandler
                0x08008a3c                OTG_HS_IRQHandler
                0x08008a3c                DMA2D_IRQHandler
                0x08008a3c                TIM1_BRK_IRQHandler
                0x08008a3c                EXTI1_IRQHandler
                0x08008a3c                SDMMC2_IRQHandler
                0x08008a3c                OTG_FS_EP1_OUT_IRQHandler
                0x08008a3c                BDMA_Channel3_IRQHandler
                0x08008a3c                UART7_IRQHandler
                0x08008a3c                MDIOS_WKUP_IRQHandler
                0x08008a3c                DFSDM1_FLT0_IRQHandler
                0x08008a3c                SAI4_IRQHandler
                0x08008a3c                I2C2_ER_IRQHandler
                0x08008a3c                DMA2_Stream1_IRQHandler
                0x08008a3c                FLASH_IRQHandler
                0x08008a3c                DMA2_Stream4_IRQHandler
                0x08008a3c                USART1_IRQHandler
                0x08008a3c                OTG_FS_IRQHandler
                0x08008a3c                SPI3_IRQHandler
                0x08008a3c                WAKEUP_PIN_IRQHandler
                0x08008a3c                DMA1_Stream4_IRQHandler
                0x08008a3c                OTG_FS_EP1_IN_IRQHandler
                0x08008a3c                I2C1_ER_IRQHandler
                0x08008a3c                FMC_IRQHandler
                0x08008a3c                FDCAN_CAL_IRQHandler
                0x08008a3c                SWPMI1_IRQHandler
                0x08008a3c                COMP1_IRQHandler
                0x08008a3c                LPTIM1_IRQHandler
                0x08008a3c                I2C4_ER_IRQHandler
                0x08008a3c                DMA2_Stream6_IRQHandler
                0x08008a3c                SAI1_IRQHandler
                0x08008a3c                DMA1_Stream3_IRQHandler
 *fill*         0x08008a3e        0x2 
 .text.HAL_Init
                0x08008a40       0x78 ./Drivers/STM32H7xx_HAL_Driver/Src/stm32h7xx_hal.o
                0x08008a40                HAL_Init
 .text.HAL_IncTick
                0x08008ab8       0x28 ./Drivers/STM32H7xx_HAL_Driver/Src/stm32h7xx_hal.o
                0x08008ab8                HAL_IncTick
 .text.HAL_GetTick
                0x08008ae0       0x18 ./Drivers/STM32H7xx_HAL_Driver/Src/stm32h7xx_hal.o
                0x08008ae0                HAL_GetTick
 .text.HAL_Delay
                0x08008af8       0x48 ./Drivers/STM32H7xx_HAL_Driver/Src/stm32h7xx_hal.o
                0x08008af8                HAL_Delay
 .text.HAL_GetREVID
                0x08008b40       0x18 ./Drivers/STM32H7xx_HAL_Driver/Src/stm32h7xx_hal.o
                0x08008b40                HAL_GetREVID
 .text.__NVIC_SetPriorityGrouping
                0x08008b58       0x48 ./Drivers/STM32H7xx_HAL_Driver/Src/stm32h7xx_hal_cortex.o
 .text.__NVIC_GetPriorityGrouping
                0x08008ba0       0x1c ./Drivers/STM32H7xx_HAL_Driver/Src/stm32h7xx_hal_cortex.o
 .text.__NVIC_EnableIRQ
                0x08008bbc       0x3c ./Drivers/STM32H7xx_HAL_Driver/Src/stm32h7xx_hal_cortex.o
 .text.__NVIC_SetPriority
                0x08008bf8       0x54 ./Drivers/STM32H7xx_HAL_Driver/Src/stm32h7xx_hal_cortex.o
 .text.NVIC_EncodePriority
                0x08008c4c       0x66 ./Drivers/STM32H7xx_HAL_Driver/Src/stm32h7xx_hal_cortex.o
 .text.HAL_NVIC_SetPriorityGrouping
                0x08008cb2       0x16 ./Drivers/STM32H7xx_HAL_Driver/Src/stm32h7xx_hal_cortex.o
                0x08008cb2                HAL_NVIC_SetPriorityGrouping
 .text.HAL_NVIC_SetPriority
                0x08008cc8       0x34 ./Drivers/STM32H7xx_HAL_Driver/Src/stm32h7xx_hal_cortex.o
                0x08008cc8                HAL_NVIC_SetPriority
 .text.HAL_NVIC_EnableIRQ
                0x08008cfc       0x1c ./Drivers/STM32H7xx_HAL_Driver/Src/stm32h7xx_hal_cortex.o
                0x08008cfc                HAL_NVIC_EnableIRQ
 .text.HAL_MPU_Disable
                0x08008d18       0x30 ./Drivers/STM32H7xx_HAL_Driver/Src/stm32h7xx_hal_cortex.o
                0x08008d18                HAL_MPU_Disable
 .text.HAL_MPU_Enable
                0x08008d48       0x40 ./Drivers/STM32H7xx_HAL_Driver/Src/stm32h7xx_hal_cortex.o
                0x08008d48                HAL_MPU_Enable
 .text.HAL_MPU_ConfigRegion
                0x08008d88       0x80 ./Drivers/STM32H7xx_HAL_Driver/Src/stm32h7xx_hal_cortex.o
                0x08008d88                HAL_MPU_ConfigRegion
 .text.HAL_DMA_Init
                0x08008e08      0x6b8 ./Drivers/STM32H7xx_HAL_Driver/Src/stm32h7xx_hal_dma.o
                0x08008e08                HAL_DMA_Init
 .text.HAL_DMA_Start_IT
                0x080094c0      0x4d4 ./Drivers/STM32H7xx_HAL_Driver/Src/stm32h7xx_hal_dma.o
                0x080094c0                HAL_DMA_Start_IT
 .text.HAL_DMA_Abort
                0x08009994      0x63c ./Drivers/STM32H7xx_HAL_Driver/Src/stm32h7xx_hal_dma.o
                0x08009994                HAL_DMA_Abort
 .text.HAL_DMA_Abort_IT
                0x08009fd0      0x48c ./Drivers/STM32H7xx_HAL_Driver/Src/stm32h7xx_hal_dma.o
                0x08009fd0                HAL_DMA_Abort_IT
 .text.HAL_DMA_IRQHandler
                0x0800a45c      0xe54 ./Drivers/STM32H7xx_HAL_Driver/Src/stm32h7xx_hal_dma.o
                0x0800a45c                HAL_DMA_IRQHandler
 .text.HAL_DMA_GetError
                0x0800b2b0       0x18 ./Drivers/STM32H7xx_HAL_Driver/Src/stm32h7xx_hal_dma.o
                0x0800b2b0                HAL_DMA_GetError
 .text.DMA_SetConfig
                0x0800b2c8      0x358 ./Drivers/STM32H7xx_HAL_Driver/Src/stm32h7xx_hal_dma.o
 .text.DMA_CalcBaseAndBitshift
                0x0800b620      0x164 ./Drivers/STM32H7xx_HAL_Driver/Src/stm32h7xx_hal_dma.o
 .text.DMA_CheckFifoParam
                0x0800b784       0xf8 ./Drivers/STM32H7xx_HAL_Driver/Src/stm32h7xx_hal_dma.o
 .text.DMA_CalcDMAMUXChannelBaseAndMask
                0x0800b87c      0x134 ./Drivers/STM32H7xx_HAL_Driver/Src/stm32h7xx_hal_dma.o
 .text.DMA_CalcDMAMUXRequestGenBaseAndMask
                0x0800b9b0       0xe8 ./Drivers/STM32H7xx_HAL_Driver/Src/stm32h7xx_hal_dma.o
 .text.HAL_GPIO_Init
                0x0800ba98      0x360 ./Drivers/STM32H7xx_HAL_Driver/Src/stm32h7xx_hal_gpio.o
                0x0800ba98                HAL_GPIO_Init
 .text.HAL_GPIO_WritePin
                0x0800bdf8       0x32 ./Drivers/STM32H7xx_HAL_Driver/Src/stm32h7xx_hal_gpio.o
                0x0800bdf8                HAL_GPIO_WritePin
 .text.HAL_GPIO_EXTI_IRQHandler
                0x0800be2a       0x34 ./Drivers/STM32H7xx_HAL_Driver/Src/stm32h7xx_hal_gpio.o
                0x0800be2a                HAL_GPIO_EXTI_IRQHandler
 .text.HAL_GPIO_EXTI_Callback
                0x0800be5e       0x16 ./Drivers/STM32H7xx_HAL_Driver/Src/stm32h7xx_hal_gpio.o
                0x0800be5e                HAL_GPIO_EXTI_Callback
 .text.HAL_I2C_Init
                0x0800be74      0x138 ./Drivers/STM32H7xx_HAL_Driver/Src/stm32h7xx_hal_i2c.o
                0x0800be74                HAL_I2C_Init
 .text.HAL_I2C_Master_Transmit
                0x0800bfac      0x230 ./Drivers/STM32H7xx_HAL_Driver/Src/stm32h7xx_hal_i2c.o
                0x0800bfac                HAL_I2C_Master_Transmit
 .text.HAL_I2C_Master_Receive
                0x0800c1dc      0x1ec ./Drivers/STM32H7xx_HAL_Driver/Src/stm32h7xx_hal_i2c.o
                0x0800c1dc                HAL_I2C_Master_Receive
 .text.HAL_I2C_Mem_Write
                0x0800c3c8      0x228 ./Drivers/STM32H7xx_HAL_Driver/Src/stm32h7xx_hal_i2c.o
                0x0800c3c8                HAL_I2C_Mem_Write
 .text.HAL_I2C_Mem_Read
                0x0800c5f0      0x234 ./Drivers/STM32H7xx_HAL_Driver/Src/stm32h7xx_hal_i2c.o
                0x0800c5f0                HAL_I2C_Mem_Read
 .text.I2C_RequestMemoryWrite
                0x0800c824       0xa8 ./Drivers/STM32H7xx_HAL_Driver/Src/stm32h7xx_hal_i2c.o
 .text.I2C_RequestMemoryRead
                0x0800c8cc       0xa8 ./Drivers/STM32H7xx_HAL_Driver/Src/stm32h7xx_hal_i2c.o
 .text.I2C_Flush_TXDR
                0x0800c974       0x48 ./Drivers/STM32H7xx_HAL_Driver/Src/stm32h7xx_hal_i2c.o
 .text.I2C_WaitOnFlagUntilTimeout
                0x0800c9bc       0xb2 ./Drivers/STM32H7xx_HAL_Driver/Src/stm32h7xx_hal_i2c.o
 .text.I2C_WaitOnTXISFlagUntilTimeout
                0x0800ca6e       0x8e ./Drivers/STM32H7xx_HAL_Driver/Src/stm32h7xx_hal_i2c.o
 .text.I2C_WaitOnSTOPFlagUntilTimeout
                0x0800cafc       0x86 ./Drivers/STM32H7xx_HAL_Driver/Src/stm32h7xx_hal_i2c.o
 *fill*         0x0800cb82        0x2 
 .text.I2C_WaitOnRXNEFlagUntilTimeout
                0x0800cb84      0x118 ./Drivers/STM32H7xx_HAL_Driver/Src/stm32h7xx_hal_i2c.o
 .text.I2C_IsErrorOccurred
                0x0800cc9c      0x1c0 ./Drivers/STM32H7xx_HAL_Driver/Src/stm32h7xx_hal_i2c.o
 .text.I2C_TransferConfig
                0x0800ce5c       0x64 ./Drivers/STM32H7xx_HAL_Driver/Src/stm32h7xx_hal_i2c.o
 .text.HAL_I2CEx_ConfigAnalogFilter
                0x0800cec0       0x96 ./Drivers/STM32H7xx_HAL_Driver/Src/stm32h7xx_hal_i2c_ex.o
                0x0800cec0                HAL_I2CEx_ConfigAnalogFilter
 .text.HAL_I2CEx_ConfigDigitalFilter
                0x0800cf56       0x98 ./Drivers/STM32H7xx_HAL_Driver/Src/stm32h7xx_hal_i2c_ex.o
                0x0800cf56                HAL_I2CEx_ConfigDigitalFilter
 *fill*         0x0800cfee        0x2 
 .text.HAL_PWREx_ConfigSupply
                0x0800cff0       0x74 ./Drivers/STM32H7xx_HAL_Driver/Src/stm32h7xx_hal_pwr_ex.o
                0x0800cff0                HAL_PWREx_ConfigSupply
 .text.HAL_RCC_OscConfig
                0x0800d064      0x8b4 ./Drivers/STM32H7xx_HAL_Driver/Src/stm32h7xx_hal_rcc.o
                0x0800d064                HAL_RCC_OscConfig
 .text.HAL_RCC_ClockConfig
                0x0800d918      0x36c ./Drivers/STM32H7xx_HAL_Driver/Src/stm32h7xx_hal_rcc.o
                0x0800d918                HAL_RCC_ClockConfig
 .text.HAL_RCC_GetSysClockFreq
                0x0800dc84      0x2f4 ./Drivers/STM32H7xx_HAL_Driver/Src/stm32h7xx_hal_rcc.o
                0x0800dc84                HAL_RCC_GetSysClockFreq
 .text.HAL_RCC_GetHCLKFreq
                0x0800df78       0x60 ./Drivers/STM32H7xx_HAL_Driver/Src/stm32h7xx_hal_rcc.o
                0x0800df78                HAL_RCC_GetHCLKFreq
 .text.HAL_RCC_GetPCLK1Freq
                0x0800dfd8       0x2c ./Drivers/STM32H7xx_HAL_Driver/Src/stm32h7xx_hal_rcc.o
                0x0800dfd8                HAL_RCC_GetPCLK1Freq
 .text.HAL_RCC_GetPCLK2Freq
                0x0800e004       0x2c ./Drivers/STM32H7xx_HAL_Driver/Src/stm32h7xx_hal_rcc.o
                0x0800e004                HAL_RCC_GetPCLK2Freq
 .text.HAL_RCC_GetClockConfig
                0x0800e030       0x84 ./Drivers/STM32H7xx_HAL_Driver/Src/stm32h7xx_hal_rcc.o
                0x0800e030                HAL_RCC_GetClockConfig
 .text.HAL_RCCEx_PeriphCLKConfig
                0x0800e0b4     0x1414 ./Drivers/STM32H7xx_HAL_Driver/Src/stm32h7xx_hal_rcc_ex.o
                0x0800e0b4                HAL_RCCEx_PeriphCLKConfig
 .text.HAL_RCCEx_GetD3PCLK1Freq
                0x0800f4c8       0x2c ./Drivers/STM32H7xx_HAL_Driver/Src/stm32h7xx_hal_rcc_ex.o
                0x0800f4c8                HAL_RCCEx_GetD3PCLK1Freq
 .text.HAL_RCCEx_GetPLL2ClockFreq
                0x0800f4f4      0x2a8 ./Drivers/STM32H7xx_HAL_Driver/Src/stm32h7xx_hal_rcc_ex.o
                0x0800f4f4                HAL_RCCEx_GetPLL2ClockFreq
 .text.HAL_RCCEx_GetPLL3ClockFreq
                0x0800f79c      0x2a8 ./Drivers/STM32H7xx_HAL_Driver/Src/stm32h7xx_hal_rcc_ex.o
                0x0800f79c                HAL_RCCEx_GetPLL3ClockFreq
 .text.RCCEx_PLL2_Config
                0x0800fa44      0x164 ./Drivers/STM32H7xx_HAL_Driver/Src/stm32h7xx_hal_rcc_ex.o
 .text.RCCEx_PLL3_Config
                0x0800fba8      0x164 ./Drivers/STM32H7xx_HAL_Driver/Src/stm32h7xx_hal_rcc_ex.o
 .text.HAL_RTC_Init
                0x0800fd0c      0x104 ./Drivers/STM32H7xx_HAL_Driver/Src/stm32h7xx_hal_rtc.o
                0x0800fd0c                HAL_RTC_Init
 .text.HAL_RTC_SetTime
                0x0800fe10      0x13c ./Drivers/STM32H7xx_HAL_Driver/Src/stm32h7xx_hal_rtc.o
                0x0800fe10                HAL_RTC_SetTime
 .text.HAL_RTC_GetTime
                0x0800ff4c       0xb8 ./Drivers/STM32H7xx_HAL_Driver/Src/stm32h7xx_hal_rtc.o
                0x0800ff4c                HAL_RTC_GetTime
 .text.HAL_RTC_SetDate
                0x08010004      0x110 ./Drivers/STM32H7xx_HAL_Driver/Src/stm32h7xx_hal_rtc.o
                0x08010004                HAL_RTC_SetDate
 .text.HAL_RTC_GetDate
                0x08010114       0x9c ./Drivers/STM32H7xx_HAL_Driver/Src/stm32h7xx_hal_rtc.o
                0x08010114                HAL_RTC_GetDate
 .text.HAL_RTC_WaitForSynchro
                0x080101b0       0x48 ./Drivers/STM32H7xx_HAL_Driver/Src/stm32h7xx_hal_rtc.o
                0x080101b0                HAL_RTC_WaitForSynchro
 .text.RTC_EnterInitMode
                0x080101f8       0x66 ./Drivers/STM32H7xx_HAL_Driver/Src/stm32h7xx_hal_rtc.o
                0x080101f8                RTC_EnterInitMode
 *fill*         0x0801025e        0x2 
 .text.RTC_ExitInitMode
                0x08010260       0x7c ./Drivers/STM32H7xx_HAL_Driver/Src/stm32h7xx_hal_rtc.o
                0x08010260                RTC_ExitInitMode
 .text.RTC_ByteToBcd2
                0x080102dc       0x40 ./Drivers/STM32H7xx_HAL_Driver/Src/stm32h7xx_hal_rtc.o
                0x080102dc                RTC_ByteToBcd2
 .text.RTC_Bcd2ToByte
                0x0801031c       0x34 ./Drivers/STM32H7xx_HAL_Driver/Src/stm32h7xx_hal_rtc.o
                0x0801031c                RTC_Bcd2ToByte
 .text.HAL_SPI_Init
                0x08010350      0x248 ./Drivers/STM32H7xx_HAL_Driver/Src/stm32h7xx_hal_spi.o
                0x08010350                HAL_SPI_Init
 .text.HAL_SPI_Transmit
                0x08010598      0x3dc ./Drivers/STM32H7xx_HAL_Driver/Src/stm32h7xx_hal_spi.o
                0x08010598                HAL_SPI_Transmit
 .text.HAL_SPI_Receive
                0x08010974      0x4e4 ./Drivers/STM32H7xx_HAL_Driver/Src/stm32h7xx_hal_spi.o
                0x08010974                HAL_SPI_Receive
 .text.HAL_SPI_Transmit_DMA
                0x08010e58      0x284 ./Drivers/STM32H7xx_HAL_Driver/Src/stm32h7xx_hal_spi.o
                0x08010e58                HAL_SPI_Transmit_DMA
 .text.HAL_SPI_IRQHandler
                0x080110dc      0x39c ./Drivers/STM32H7xx_HAL_Driver/Src/stm32h7xx_hal_spi.o
                0x080110dc                HAL_SPI_IRQHandler
 .text.HAL_SPI_TxCpltCallback
                0x08011478       0x14 ./Drivers/STM32H7xx_HAL_Driver/Src/stm32h7xx_hal_spi.o
                0x08011478                HAL_SPI_TxCpltCallback
 .text.HAL_SPI_RxCpltCallback
                0x0801148c       0x14 ./Drivers/STM32H7xx_HAL_Driver/Src/stm32h7xx_hal_spi.o
                0x0801148c                HAL_SPI_RxCpltCallback
 .text.HAL_SPI_TxRxCpltCallback
                0x080114a0       0x14 ./Drivers/STM32H7xx_HAL_Driver/Src/stm32h7xx_hal_spi.o
                0x080114a0                HAL_SPI_TxRxCpltCallback
 .text.HAL_SPI_TxHalfCpltCallback
                0x080114b4       0x14 ./Drivers/STM32H7xx_HAL_Driver/Src/stm32h7xx_hal_spi.o
                0x080114b4                HAL_SPI_TxHalfCpltCallback
 .text.HAL_SPI_ErrorCallback
                0x080114c8       0x14 ./Drivers/STM32H7xx_HAL_Driver/Src/stm32h7xx_hal_spi.o
                0x080114c8                HAL_SPI_ErrorCallback
 .text.HAL_SPI_SuspendCallback
                0x080114dc       0x14 ./Drivers/STM32H7xx_HAL_Driver/Src/stm32h7xx_hal_spi.o
                0x080114dc                HAL_SPI_SuspendCallback
 .text.SPI_DMATransmitCplt
                0x080114f0       0x46 ./Drivers/STM32H7xx_HAL_Driver/Src/stm32h7xx_hal_spi.o
 .text.SPI_DMAHalfTransmitCplt
                0x08011536       0x1c ./Drivers/STM32H7xx_HAL_Driver/Src/stm32h7xx_hal_spi.o
 .text.SPI_DMAError
                0x08011552       0x46 ./Drivers/STM32H7xx_HAL_Driver/Src/stm32h7xx_hal_spi.o
 .text.SPI_DMAAbortOnError
                0x08011598       0x34 ./Drivers/STM32H7xx_HAL_Driver/Src/stm32h7xx_hal_spi.o
 .text.SPI_CloseTransfer
                0x080115cc      0x140 ./Drivers/STM32H7xx_HAL_Driver/Src/stm32h7xx_hal_spi.o
 .text.SPI_WaitOnFlagUntilTimeout
                0x0801170c       0x5c ./Drivers/STM32H7xx_HAL_Driver/Src/stm32h7xx_hal_spi.o
 .text.SPI_GetPacketSize
                0x08011768       0x36 ./Drivers/STM32H7xx_HAL_Driver/Src/stm32h7xx_hal_spi.o
 .text.HAL_TIM_Base_Init
                0x0801179e       0xae ./Drivers/STM32H7xx_HAL_Driver/Src/stm32h7xx_hal_tim.o
                0x0801179e                HAL_TIM_Base_Init
 .text.HAL_TIM_Base_MspInit
                0x0801184c       0x14 ./Drivers/STM32H7xx_HAL_Driver/Src/stm32h7xx_hal_tim.o
                0x0801184c                HAL_TIM_Base_MspInit
 .text.HAL_TIM_Base_Start_IT
                0x08011860       0xf0 ./Drivers/STM32H7xx_HAL_Driver/Src/stm32h7xx_hal_tim.o
                0x08011860                HAL_TIM_Base_Start_IT
 .text.HAL_TIM_IRQHandler
                0x08011950      0x20e ./Drivers/STM32H7xx_HAL_Driver/Src/stm32h7xx_hal_tim.o
                0x08011950                HAL_TIM_IRQHandler
 .text.HAL_TIM_OC_DelayElapsedCallback
                0x08011b5e       0x14 ./Drivers/STM32H7xx_HAL_Driver/Src/stm32h7xx_hal_tim.o
                0x08011b5e                HAL_TIM_OC_DelayElapsedCallback
 .text.HAL_TIM_IC_CaptureCallback
                0x08011b72       0x14 ./Drivers/STM32H7xx_HAL_Driver/Src/stm32h7xx_hal_tim.o
                0x08011b72                HAL_TIM_IC_CaptureCallback
 .text.HAL_TIM_PWM_PulseFinishedCallback
                0x08011b86       0x14 ./Drivers/STM32H7xx_HAL_Driver/Src/stm32h7xx_hal_tim.o
                0x08011b86                HAL_TIM_PWM_PulseFinishedCallback
 .text.HAL_TIM_TriggerCallback
                0x08011b9a       0x14 ./Drivers/STM32H7xx_HAL_Driver/Src/stm32h7xx_hal_tim.o
                0x08011b9a                HAL_TIM_TriggerCallback
 *fill*         0x08011bae        0x2 
 .text.TIM_Base_SetConfig
                0x08011bb0      0x14c ./Drivers/STM32H7xx_HAL_Driver/Src/stm32h7xx_hal_tim.o
                0x08011bb0                TIM_Base_SetConfig
 .text.HAL_TIMEx_CommutCallback
                0x08011cfc       0x14 ./Drivers/STM32H7xx_HAL_Driver/Src/stm32h7xx_hal_tim_ex.o
                0x08011cfc                HAL_TIMEx_CommutCallback
 .text.HAL_TIMEx_BreakCallback
                0x08011d10       0x14 ./Drivers/STM32H7xx_HAL_Driver/Src/stm32h7xx_hal_tim_ex.o
                0x08011d10                HAL_TIMEx_BreakCallback
 .text.HAL_TIMEx_Break2Callback
                0x08011d24       0x14 ./Drivers/STM32H7xx_HAL_Driver/Src/stm32h7xx_hal_tim_ex.o
                0x08011d24                HAL_TIMEx_Break2Callback
 .text.HAL_UART_Init
                0x08011d38       0xa0 ./Drivers/STM32H7xx_HAL_Driver/Src/stm32h7xx_hal_uart.o
                0x08011d38                HAL_UART_Init
 .text.HAL_UART_Transmit
                0x08011dd8      0x11c ./Drivers/STM32H7xx_HAL_Driver/Src/stm32h7xx_hal_uart.o
                0x08011dd8                HAL_UART_Transmit
 .text.HAL_UART_Receive_IT
                0x08011ef4       0x98 ./Drivers/STM32H7xx_HAL_Driver/Src/stm32h7xx_hal_uart.o
                0x08011ef4                HAL_UART_Receive_IT
 .text.HAL_UART_IRQHandler
                0x08011f8c      0x774 ./Drivers/STM32H7xx_HAL_Driver/Src/stm32h7xx_hal_uart.o
                0x08011f8c                HAL_UART_IRQHandler
 .text.HAL_UART_TxCpltCallback
                0x08012700       0x14 ./Drivers/STM32H7xx_HAL_Driver/Src/stm32h7xx_hal_uart.o
                0x08012700                HAL_UART_TxCpltCallback
 .text.HAL_UART_ErrorCallback
                0x08012714       0x14 ./Drivers/STM32H7xx_HAL_Driver/Src/stm32h7xx_hal_uart.o
                0x08012714                HAL_UART_ErrorCallback
 .text.HAL_UARTEx_RxEventCallback
                0x08012728       0x18 ./Drivers/STM32H7xx_HAL_Driver/Src/stm32h7xx_hal_uart.o
                0x08012728                HAL_UARTEx_RxEventCallback
 .text.UART_SetConfig
                0x08012740      0xad0 ./Drivers/STM32H7xx_HAL_Driver/Src/stm32h7xx_hal_uart.o
                0x08012740                UART_SetConfig
 .text.UART_AdvFeatureConfig
                0x08013210      0x144 ./Drivers/STM32H7xx_HAL_Driver/Src/stm32h7xx_hal_uart.o
                0x08013210                UART_AdvFeatureConfig
 .text.UART_CheckIdleState
                0x08013354      0x154 ./Drivers/STM32H7xx_HAL_Driver/Src/stm32h7xx_hal_uart.o
                0x08013354                UART_CheckIdleState
 .text.UART_WaitOnFlagUntilTimeout
                0x080134a8       0xda ./Drivers/STM32H7xx_HAL_Driver/Src/stm32h7xx_hal_uart.o
                0x080134a8                UART_WaitOnFlagUntilTimeout
 *fill*         0x08013582        0x2 
 .text.UART_Start_Receive_IT
                0x08013584      0x244 ./Drivers/STM32H7xx_HAL_Driver/Src/stm32h7xx_hal_uart.o
                0x08013584                UART_Start_Receive_IT
 .text.UART_EndRxTransfer
                0x080137c8       0xcc ./Drivers/STM32H7xx_HAL_Driver/Src/stm32h7xx_hal_uart.o
 .text.UART_DMAAbortOnError
                0x08013894       0x2c ./Drivers/STM32H7xx_HAL_Driver/Src/stm32h7xx_hal_uart.o
 .text.UART_EndTransmit_IT
                0x080138c0       0x56 ./Drivers/STM32H7xx_HAL_Driver/Src/stm32h7xx_hal_uart.o
 *fill*         0x08013916        0x2 
 .text.UART_RxISR_8BIT
                0x08013918      0x1b8 ./Drivers/STM32H7xx_HAL_Driver/Src/stm32h7xx_hal_uart.o
 .text.UART_RxISR_16BIT
                0x08013ad0      0x1b8 ./Drivers/STM32H7xx_HAL_Driver/Src/stm32h7xx_hal_uart.o
 .text.UART_RxISR_8BIT_FIFOEN
                0x08013c88      0x360 ./Drivers/STM32H7xx_HAL_Driver/Src/stm32h7xx_hal_uart.o
 .text.UART_RxISR_16BIT_FIFOEN
                0x08013fe8      0x368 ./Drivers/STM32H7xx_HAL_Driver/Src/stm32h7xx_hal_uart.o
 .text.HAL_UARTEx_WakeupCallback
                0x08014350       0x14 ./Drivers/STM32H7xx_HAL_Driver/Src/stm32h7xx_hal_uart_ex.o
                0x08014350                HAL_UARTEx_WakeupCallback
 .text.HAL_UARTEx_RxFifoFullCallback
                0x08014364       0x14 ./Drivers/STM32H7xx_HAL_Driver/Src/stm32h7xx_hal_uart_ex.o
                0x08014364                HAL_UARTEx_RxFifoFullCallback
 .text.HAL_UARTEx_TxFifoEmptyCallback
                0x08014378       0x14 ./Drivers/STM32H7xx_HAL_Driver/Src/stm32h7xx_hal_uart_ex.o
                0x08014378                HAL_UARTEx_TxFifoEmptyCallback
 .text.HAL_UARTEx_DisableFifoMode
                0x0801438c       0x72 ./Drivers/STM32H7xx_HAL_Driver/Src/stm32h7xx_hal_uart_ex.o
                0x0801438c                HAL_UARTEx_DisableFifoMode
 .text.HAL_UARTEx_SetTxFifoThreshold
                0x080143fe       0x7c ./Drivers/STM32H7xx_HAL_Driver/Src/stm32h7xx_hal_uart_ex.o
                0x080143fe                HAL_UARTEx_SetTxFifoThreshold
 .text.HAL_UARTEx_SetRxFifoThreshold
                0x0801447a       0x7c ./Drivers/STM32H7xx_HAL_Driver/Src/stm32h7xx_hal_uart_ex.o
                0x0801447a                HAL_UARTEx_SetRxFifoThreshold
 *fill*         0x080144f6        0x2 
 .text.UARTEx_SetNbDataToProcess
                0x080144f8       0x9c ./Drivers/STM32H7xx_HAL_Driver/Src/stm32h7xx_hal_uart_ex.o
 .text.__NVIC_SetPriority
                0x08014594       0x54 ./Middlewares/Third_Party/FreeRTOS/Source/CMSIS_RTOS_V2/cmsis_os2.o
 .text.SysTick_Handler
                0x080145e8       0x20 ./Middlewares/Third_Party/FreeRTOS/Source/CMSIS_RTOS_V2/cmsis_os2.o
                0x080145e8                SysTick_Handler
 .text.SVC_Setup
                0x08014608       0x12 ./Middlewares/Third_Party/FreeRTOS/Source/CMSIS_RTOS_V2/cmsis_os2.o
 *fill*         0x0801461a        0x2 
 .text.osKernelInitialize
                0x0801461c       0x48 ./Middlewares/Third_Party/FreeRTOS/Source/CMSIS_RTOS_V2/cmsis_os2.o
                0x0801461c                osKernelInitialize
 .text.osKernelStart
                0x08014664       0x4c ./Middlewares/Third_Party/FreeRTOS/Source/CMSIS_RTOS_V2/cmsis_os2.o
                0x08014664                osKernelStart
 .text.osThreadNew
                0x080146b0      0x124 ./Middlewares/Third_Party/FreeRTOS/Source/CMSIS_RTOS_V2/cmsis_os2.o
                0x080146b0                osThreadNew
 .text.osDelay  0x080147d4       0x36 ./Middlewares/Third_Party/FreeRTOS/Source/CMSIS_RTOS_V2/cmsis_os2.o
                0x080147d4                osDelay
 *fill*         0x0801480a        0x2 
 .text.vApplicationGetIdleTaskMemory
                0x0801480c       0x34 ./Middlewares/Third_Party/FreeRTOS/Source/CMSIS_RTOS_V2/cmsis_os2.o
                0x0801480c                vApplicationGetIdleTaskMemory
 .text.vApplicationGetTimerTaskMemory
                0x08014840       0x34 ./Middlewares/Third_Party/FreeRTOS/Source/CMSIS_RTOS_V2/cmsis_os2.o
                0x08014840                vApplicationGetTimerTaskMemory
 .text.vListInitialise
                0x08014874       0x40 ./Middlewares/Third_Party/FreeRTOS/Source/list.o
                0x08014874                vListInitialise
 .text.vListInitialiseItem
                0x080148b4       0x1a ./Middlewares/Third_Party/FreeRTOS/Source/list.o
                0x080148b4                vListInitialiseItem
 .text.vListInsertEnd
                0x080148ce       0x48 ./Middlewares/Third_Party/FreeRTOS/Source/list.o
                0x080148ce                vListInsertEnd
 .text.vListInsert
                0x08014916       0x72 ./Middlewares/Third_Party/FreeRTOS/Source/list.o
                0x08014916                vListInsert
 .text.uxListRemove
                0x08014988       0x54 ./Middlewares/Third_Party/FreeRTOS/Source/list.o
                0x08014988                uxListRemove
 .text.xQueueGenericReset
                0x080149dc       0xd4 ./Middlewares/Third_Party/FreeRTOS/Source/queue.o
                0x080149dc                xQueueGenericReset
 .text.xQueueGenericCreateStatic
                0x08014ab0       0xfa ./Middlewares/Third_Party/FreeRTOS/Source/queue.o
                0x08014ab0                xQueueGenericCreateStatic
 .text.prvInitialiseNewQueue
                0x08014baa       0x46 ./Middlewares/Third_Party/FreeRTOS/Source/queue.o
 .text.xQueueGenericSend
                0x08014bf0      0x204 ./Middlewares/Third_Party/FreeRTOS/Source/queue.o
                0x08014bf0                xQueueGenericSend
 .text.xQueueGenericSendFromISR
                0x08014df4      0x13c ./Middlewares/Third_Party/FreeRTOS/Source/queue.o
                0x08014df4                xQueueGenericSendFromISR
 .text.xQueueReceive
                0x08014f30      0x1c4 ./Middlewares/Third_Party/FreeRTOS/Source/queue.o
                0x08014f30                xQueueReceive
 .text.prvCopyDataToQueue
                0x080150f4       0xd4 ./Middlewares/Third_Party/FreeRTOS/Source/queue.o
 .text.prvCopyDataFromQueue
                0x080151c8       0x4c ./Middlewares/Third_Party/FreeRTOS/Source/queue.o
 .text.prvUnlockQueue
                0x08015214       0xa4 ./Middlewares/Third_Party/FreeRTOS/Source/queue.o
 .text.prvIsQueueEmpty
                0x080152b8       0x2c ./Middlewares/Third_Party/FreeRTOS/Source/queue.o
 .text.prvIsQueueFull
                0x080152e4       0x30 ./Middlewares/Third_Party/FreeRTOS/Source/queue.o
 .text.vQueueAddToRegistry
                0x08015314       0x54 ./Middlewares/Third_Party/FreeRTOS/Source/queue.o
                0x08015314                vQueueAddToRegistry
 .text.vQueueWaitForMessageRestricted
                0x08015368       0x68 ./Middlewares/Third_Party/FreeRTOS/Source/queue.o
                0x08015368                vQueueWaitForMessageRestricted
 .text.xTaskCreateStatic
                0x080153d0       0xc0 ./Middlewares/Third_Party/FreeRTOS/Source/tasks.o
                0x080153d0                xTaskCreateStatic
 .text.xTaskCreate
                0x08015490       0x8a ./Middlewares/Third_Party/FreeRTOS/Source/tasks.o
                0x08015490                xTaskCreate
 .text.prvInitialiseNewTask
                0x0801551a      0x120 ./Middlewares/Third_Party/FreeRTOS/Source/tasks.o
 *fill*         0x0801563a        0x2 
 .text.prvAddNewTaskToReadyList
                0x0801563c       0xe0 ./Middlewares/Third_Party/FreeRTOS/Source/tasks.o
 .text.vTaskDelay
                0x0801571c       0x6c ./Middlewares/Third_Party/FreeRTOS/Source/tasks.o
                0x0801571c                vTaskDelay
 .text.vTaskStartScheduler
                0x08015788       0xd0 ./Middlewares/Third_Party/FreeRTOS/Source/tasks.o
                0x08015788                vTaskStartScheduler
 .text.vTaskSuspendAll
                0x08015858       0x1c ./Middlewares/Third_Party/FreeRTOS/Source/tasks.o
                0x08015858                vTaskSuspendAll
 .text.xTaskResumeAll
                0x08015874      0x13c ./Middlewares/Third_Party/FreeRTOS/Source/tasks.o
                0x08015874                xTaskResumeAll
 .text.xTaskGetTickCount
                0x080159b0       0x20 ./Middlewares/Third_Party/FreeRTOS/Source/tasks.o
                0x080159b0                xTaskGetTickCount
 .text.xTaskIncrementTick
                0x080159d0      0x174 ./Middlewares/Third_Party/FreeRTOS/Source/tasks.o
                0x080159d0                xTaskIncrementTick
 .text.vTaskSwitchContext
                0x08015b44       0xbc ./Middlewares/Third_Party/FreeRTOS/Source/tasks.o
                0x08015b44                vTaskSwitchContext
 .text.vTaskPlaceOnEventList
                0x08015c00       0x4c ./Middlewares/Third_Party/FreeRTOS/Source/tasks.o
                0x08015c00                vTaskPlaceOnEventList
 .text.vTaskPlaceOnEventListRestricted
                0x08015c4c       0x58 ./Middlewares/Third_Party/FreeRTOS/Source/tasks.o
                0x08015c4c                vTaskPlaceOnEventListRestricted
 .text.xTaskRemoveFromEventList
                0x08015ca4       0xc8 ./Middlewares/Third_Party/FreeRTOS/Source/tasks.o
                0x08015ca4                xTaskRemoveFromEventList
 .text.vTaskInternalSetTimeOutState
                0x08015d6c       0x2c ./Middlewares/Third_Party/FreeRTOS/Source/tasks.o
                0x08015d6c                vTaskInternalSetTimeOutState
 .text.xTaskCheckForTimeOut
                0x08015d98       0xc8 ./Middlewares/Third_Party/FreeRTOS/Source/tasks.o
                0x08015d98                xTaskCheckForTimeOut
 .text.vTaskMissedYield
                0x08015e60       0x18 ./Middlewares/Third_Party/FreeRTOS/Source/tasks.o
                0x08015e60                vTaskMissedYield
 .text.prvIdleTask
                0x08015e78       0x30 ./Middlewares/Third_Party/FreeRTOS/Source/tasks.o
 .text.prvInitialiseTaskLists
                0x08015ea8       0x80 ./Middlewares/Third_Party/FreeRTOS/Source/tasks.o
 .text.prvCheckTasksWaitingTermination
                0x08015f28       0x5c ./Middlewares/Third_Party/FreeRTOS/Source/tasks.o
 .text.prvDeleteTCB
                0x08015f84       0x60 ./Middlewares/Third_Party/FreeRTOS/Source/tasks.o
 .text.prvResetNextTaskUnblockTime
                0x08015fe4       0x40 ./Middlewares/Third_Party/FreeRTOS/Source/tasks.o
 .text.xTaskGetSchedulerState
                0x08016024       0x3c ./Middlewares/Third_Party/FreeRTOS/Source/tasks.o
                0x08016024                xTaskGetSchedulerState
 .text.xTaskPriorityDisinherit
                0x08016060       0xe0 ./Middlewares/Third_Party/FreeRTOS/Source/tasks.o
                0x08016060                xTaskPriorityDisinherit
 .text.prvAddCurrentTaskToDelayedList
                0x08016140       0xa8 ./Middlewares/Third_Party/FreeRTOS/Source/tasks.o
 .text.xTimerCreateTimerTask
                0x080161e8       0x94 ./Middlewares/Third_Party/FreeRTOS/Source/timers.o
                0x080161e8                xTimerCreateTimerTask
 .text.xTimerGenericCommand
                0x0801627c       0x9c ./Middlewares/Third_Party/FreeRTOS/Source/timers.o
                0x0801627c                xTimerGenericCommand
 .text.prvProcessExpiredTimer
                0x08016318       0x9c ./Middlewares/Third_Party/FreeRTOS/Source/timers.o
 .text.prvTimerTask
                0x080163b4       0x26 ./Middlewares/Third_Party/FreeRTOS/Source/timers.o
 *fill*         0x080163da        0x2 
 .text.prvProcessTimerOrBlockTask
                0x080163dc       0x9c ./Middlewares/Third_Party/FreeRTOS/Source/timers.o
 .text.prvGetNextExpireTime
                0x08016478       0x48 ./Middlewares/Third_Party/FreeRTOS/Source/timers.o
 .text.prvSampleTimeNow
                0x080164c0       0x40 ./Middlewares/Third_Party/FreeRTOS/Source/timers.o
 .text.prvInsertTimerInActiveList
                0x08016500       0x84 ./Middlewares/Third_Party/FreeRTOS/Source/timers.o
 .text.prvProcessReceivedCommands
                0x08016584      0x1cc ./Middlewares/Third_Party/FreeRTOS/Source/timers.o
 .text.prvSwitchTimerLists
                0x08016750       0xcc ./Middlewares/Third_Party/FreeRTOS/Source/timers.o
 .text.prvCheckForValidListAndQueue
                0x0801681c       0x80 ./Middlewares/Third_Party/FreeRTOS/Source/timers.o
 .text.pxPortInitialiseStack
                0x0801689c       0x68 ./Middlewares/Third_Party/FreeRTOS/Source/portable/GCC/ARM_CM4F/port.o
                0x0801689c                pxPortInitialiseStack
 .text.prvTaskExitError
                0x08016904       0x5c ./Middlewares/Third_Party/FreeRTOS/Source/portable/GCC/ARM_CM4F/port.o
 .text.SVC_Handler
                0x08016960       0x28 ./Middlewares/Third_Party/FreeRTOS/Source/portable/GCC/ARM_CM4F/port.o
                0x08016960                SVC_Handler
 .text.prvPortStartFirstTask
                0x08016988       0x28 ./Middlewares/Third_Party/FreeRTOS/Source/portable/GCC/ARM_CM4F/port.o
 .text.xPortStartScheduler
                0x080169b0      0x148 ./Middlewares/Third_Party/FreeRTOS/Source/portable/GCC/ARM_CM4F/port.o
                0x080169b0                xPortStartScheduler
 .text.vPortEnterCritical
                0x08016af8       0x64 ./Middlewares/Third_Party/FreeRTOS/Source/portable/GCC/ARM_CM4F/port.o
                0x08016af8                vPortEnterCritical
 .text.vPortExitCritical
                0x08016b5c       0x54 ./Middlewares/Third_Party/FreeRTOS/Source/portable/GCC/ARM_CM4F/port.o
                0x08016b5c                vPortExitCritical
 .text.PendSV_Handler
                0x08016bb0       0x68 ./Middlewares/Third_Party/FreeRTOS/Source/portable/GCC/ARM_CM4F/port.o
                0x08016bb0                PendSV_Handler
 .text.xPortSysTickHandler
                0x08016c18       0x44 ./Middlewares/Third_Party/FreeRTOS/Source/portable/GCC/ARM_CM4F/port.o
                0x08016c18                xPortSysTickHandler
 .text.vPortSetupTimerInterrupt
                0x08016c5c       0x48 ./Middlewares/Third_Party/FreeRTOS/Source/portable/GCC/ARM_CM4F/port.o
                0x08016c5c                vPortSetupTimerInterrupt
 .text.vPortEnableVFP
                0x08016ca4       0x14 ./Middlewares/Third_Party/FreeRTOS/Source/portable/GCC/ARM_CM4F/port.o
 .text.vPortValidateInterruptPriority
                0x08016cb8       0x84 ./Middlewares/Third_Party/FreeRTOS/Source/portable/GCC/ARM_CM4F/port.o
                0x08016cb8                vPortValidateInterruptPriority
 .text.pvPortMalloc
                0x08016d3c      0x19c ./Middlewares/Third_Party/FreeRTOS/Source/portable/MemMang/heap_4.o
                0x08016d3c                pvPortMalloc
 .text.vPortFree
                0x08016ed8       0xc8 ./Middlewares/Third_Party/FreeRTOS/Source/portable/MemMang/heap_4.o
                0x08016ed8                vPortFree
 .text.prvHeapInit
                0x08016fa0       0xc4 ./Middlewares/Third_Party/FreeRTOS/Source/portable/MemMang/heap_4.o
 .text.prvInsertBlockIntoFreeList
                0x08017064       0xb4 ./Middlewares/Third_Party/FreeRTOS/Source/portable/MemMang/heap_4.o
 .text.atoi     0x08017118        0x8 D:/C_disk_extension_no_space/STM32/STM32CubeIDE_1.16.1/STM32CubeIDE/plugins/com.st.stm32cube.ide.mcu.externaltools.gnu-tools-for-stm32.12.3.rel1.win32_1.0.200.202406191623/tools/bin/../lib/gcc/arm-none-eabi/12.3.1/../../../../arm-none-eabi/lib/thumb/v7e-m+dp/hard\libc_nano.a(libc_a-atoi.o)
                0x08017118                atoi
 .text.exit     0x08017120       0x24 D:/C_disk_extension_no_space/STM32/STM32CubeIDE_1.16.1/STM32CubeIDE/plugins/com.st.stm32cube.ide.mcu.externaltools.gnu-tools-for-stm32.12.3.rel1.win32_1.0.200.202406191623/tools/bin/../lib/gcc/arm-none-eabi/12.3.1/../../../../arm-none-eabi/lib/thumb/v7e-m+dp/hard\libc_nano.a(libc_a-exit.o)
                0x08017120                exit
 .text.malloc   0x08017144       0x10 D:/C_disk_extension_no_space/STM32/STM32CubeIDE_1.16.1/STM32CubeIDE/plugins/com.st.stm32cube.ide.mcu.externaltools.gnu-tools-for-stm32.12.3.rel1.win32_1.0.200.202406191623/tools/bin/../lib/gcc/arm-none-eabi/12.3.1/../../../../arm-none-eabi/lib/thumb/v7e-m+dp/hard\libc_nano.a(libc_a-malloc.o)
                0x08017144                malloc
 .text.free     0x08017154       0x10 D:/C_disk_extension_no_space/STM32/STM32CubeIDE_1.16.1/STM32CubeIDE/plugins/com.st.stm32cube.ide.mcu.externaltools.gnu-tools-for-stm32.12.3.rel1.win32_1.0.200.202406191623/tools/bin/../lib/gcc/arm-none-eabi/12.3.1/../../../../arm-none-eabi/lib/thumb/v7e-m+dp/hard\libc_nano.a(libc_a-malloc.o)
                0x08017154                free
 .text.sbrk_aligned
                0x08017164       0x44 D:/C_disk_extension_no_space/STM32/STM32CubeIDE_1.16.1/STM32CubeIDE/plugins/com.st.stm32cube.ide.mcu.externaltools.gnu-tools-for-stm32.12.3.rel1.win32_1.0.200.202406191623/tools/bin/../lib/gcc/arm-none-eabi/12.3.1/../../../../arm-none-eabi/lib/thumb/v7e-m+dp/hard\libc_nano.a(libc_a-mallocr.o)
 .text._malloc_r
                0x080171a8      0x100 D:/C_disk_extension_no_space/STM32/STM32CubeIDE_1.16.1/STM32CubeIDE/plugins/com.st.stm32cube.ide.mcu.externaltools.gnu-tools-for-stm32.12.3.rel1.win32_1.0.200.202406191623/tools/bin/../lib/gcc/arm-none-eabi/12.3.1/../../../../arm-none-eabi/lib/thumb/v7e-m+dp/hard\libc_nano.a(libc_a-mallocr.o)
                0x080171a8                _malloc_r
 .text.__malloc_lock
                0x080172a8        0xc D:/C_disk_extension_no_space/STM32/STM32CubeIDE_1.16.1/STM32CubeIDE/plugins/com.st.stm32cube.ide.mcu.externaltools.gnu-tools-for-stm32.12.3.rel1.win32_1.0.200.202406191623/tools/bin/../lib/gcc/arm-none-eabi/12.3.1/../../../../arm-none-eabi/lib/thumb/v7e-m+dp/hard\libc_nano.a(libc_a-mlock.o)
                0x080172a8                __malloc_lock
 .text.__malloc_unlock
                0x080172b4        0xc D:/C_disk_extension_no_space/STM32/STM32CubeIDE_1.16.1/STM32CubeIDE/plugins/com.st.stm32cube.ide.mcu.externaltools.gnu-tools-for-stm32.12.3.rel1.win32_1.0.200.202406191623/tools/bin/../lib/gcc/arm-none-eabi/12.3.1/../../../../arm-none-eabi/lib/thumb/v7e-m+dp/hard\libc_nano.a(libc_a-mlock.o)
                0x080172b4                __malloc_unlock
 .text.random   0x080172c0       0x7c D:/C_disk_extension_no_space/STM32/STM32CubeIDE_1.16.1/STM32CubeIDE/plugins/com.st.stm32cube.ide.mcu.externaltools.gnu-tools-for-stm32.12.3.rel1.win32_1.0.200.202406191623/tools/bin/../lib/gcc/arm-none-eabi/12.3.1/../../../../arm-none-eabi/lib/thumb/v7e-m+dp/hard\libc_nano.a(libc_a-random.o)
                0x080172c0                random
 .text._strtol_l.constprop.0
                0x0801733c       0xf4 D:/C_disk_extension_no_space/STM32/STM32CubeIDE_1.16.1/STM32CubeIDE/plugins/com.st.stm32cube.ide.mcu.externaltools.gnu-tools-for-stm32.12.3.rel1.win32_1.0.200.202406191623/tools/bin/../lib/gcc/arm-none-eabi/12.3.1/../../../../arm-none-eabi/lib/thumb/v7e-m+dp/hard\libc_nano.a(libc_a-strtol.o)
 .text.strtol   0x08017430       0x14 D:/C_disk_extension_no_space/STM32/STM32CubeIDE_1.16.1/STM32CubeIDE/plugins/com.st.stm32cube.ide.mcu.externaltools.gnu-tools-for-stm32.12.3.rel1.win32_1.0.200.202406191623/tools/bin/../lib/gcc/arm-none-eabi/12.3.1/../../../../arm-none-eabi/lib/thumb/v7e-m+dp/hard\libc_nano.a(libc_a-strtol.o)
                0x08017430                strtol
 .text.atoll    0x08017444        0x8 D:/C_disk_extension_no_space/STM32/STM32CubeIDE_1.16.1/STM32CubeIDE/plugins/com.st.stm32cube.ide.mcu.externaltools.gnu-tools-for-stm32.12.3.rel1.win32_1.0.200.202406191623/tools/bin/../lib/gcc/arm-none-eabi/12.3.1/../../../../arm-none-eabi/lib/thumb/v7e-m+dp/hard\libc_nano.a(libc_a-atoll.o)
                0x08017444                atoll
 .text.std      0x0801744c       0x6c D:/C_disk_extension_no_space/STM32/STM32CubeIDE_1.16.1/STM32CubeIDE/plugins/com.st.stm32cube.ide.mcu.externaltools.gnu-tools-for-stm32.12.3.rel1.win32_1.0.200.202406191623/tools/bin/../lib/gcc/arm-none-eabi/12.3.1/../../../../arm-none-eabi/lib/thumb/v7e-m+dp/hard\libc_nano.a(libc_a-findfp.o)
 .text.stdio_exit_handler
                0x080174b8       0x18 D:/C_disk_extension_no_space/STM32/STM32CubeIDE_1.16.1/STM32CubeIDE/plugins/com.st.stm32cube.ide.mcu.externaltools.gnu-tools-for-stm32.12.3.rel1.win32_1.0.200.202406191623/tools/bin/../lib/gcc/arm-none-eabi/12.3.1/../../../../arm-none-eabi/lib/thumb/v7e-m+dp/hard\libc_nano.a(libc_a-findfp.o)
 .text.cleanup_stdio
                0x080174d0       0x40 D:/C_disk_extension_no_space/STM32/STM32CubeIDE_1.16.1/STM32CubeIDE/plugins/com.st.stm32cube.ide.mcu.externaltools.gnu-tools-for-stm32.12.3.rel1.win32_1.0.200.202406191623/tools/bin/../lib/gcc/arm-none-eabi/12.3.1/../../../../arm-none-eabi/lib/thumb/v7e-m+dp/hard\libc_nano.a(libc_a-findfp.o)
 .text.global_stdio_init.part.0
                0x08017510       0x3c D:/C_disk_extension_no_space/STM32/STM32CubeIDE_1.16.1/STM32CubeIDE/plugins/com.st.stm32cube.ide.mcu.externaltools.gnu-tools-for-stm32.12.3.rel1.win32_1.0.200.202406191623/tools/bin/../lib/gcc/arm-none-eabi/12.3.1/../../../../arm-none-eabi/lib/thumb/v7e-m+dp/hard\libc_nano.a(libc_a-findfp.o)
 .text.__sfp_lock_acquire
                0x0801754c        0xc D:/C_disk_extension_no_space/STM32/STM32CubeIDE_1.16.1/STM32CubeIDE/plugins/com.st.stm32cube.ide.mcu.externaltools.gnu-tools-for-stm32.12.3.rel1.win32_1.0.200.202406191623/tools/bin/../lib/gcc/arm-none-eabi/12.3.1/../../../../arm-none-eabi/lib/thumb/v7e-m+dp/hard\libc_nano.a(libc_a-findfp.o)
                0x0801754c                __sfp_lock_acquire
 .text.__sfp_lock_release
                0x08017558        0xc D:/C_disk_extension_no_space/STM32/STM32CubeIDE_1.16.1/STM32CubeIDE/plugins/com.st.stm32cube.ide.mcu.externaltools.gnu-tools-for-stm32.12.3.rel1.win32_1.0.200.202406191623/tools/bin/../lib/gcc/arm-none-eabi/12.3.1/../../../../arm-none-eabi/lib/thumb/v7e-m+dp/hard\libc_nano.a(libc_a-findfp.o)
                0x08017558                __sfp_lock_release
 .text.__sinit  0x08017564       0x30 D:/C_disk_extension_no_space/STM32/STM32CubeIDE_1.16.1/STM32CubeIDE/plugins/com.st.stm32cube.ide.mcu.externaltools.gnu-tools-for-stm32.12.3.rel1.win32_1.0.200.202406191623/tools/bin/../lib/gcc/arm-none-eabi/12.3.1/../../../../arm-none-eabi/lib/thumb/v7e-m+dp/hard\libc_nano.a(libc_a-findfp.o)
                0x08017564                __sinit
 .text._fwalk_sglue
                0x08017594       0x3c D:/C_disk_extension_no_space/STM32/STM32CubeIDE_1.16.1/STM32CubeIDE/plugins/com.st.stm32cube.ide.mcu.externaltools.gnu-tools-for-stm32.12.3.rel1.win32_1.0.200.202406191623/tools/bin/../lib/gcc/arm-none-eabi/12.3.1/../../../../arm-none-eabi/lib/thumb/v7e-m+dp/hard\libc_nano.a(libc_a-fwalk.o)
                0x08017594                _fwalk_sglue
 .text.sprintf  0x080175d0       0x40 D:/C_disk_extension_no_space/STM32/STM32CubeIDE_1.16.1/STM32CubeIDE/plugins/com.st.stm32cube.ide.mcu.externaltools.gnu-tools-for-stm32.12.3.rel1.win32_1.0.200.202406191623/tools/bin/../lib/gcc/arm-none-eabi/12.3.1/../../../../arm-none-eabi/lib/thumb/v7e-m+dp/hard\libc_nano.a(libc_a-sprintf.o)
                0x080175d0                siprintf
                0x080175d0                sprintf
 .text.__sread  0x08017610       0x22 D:/C_disk_extension_no_space/STM32/STM32CubeIDE_1.16.1/STM32CubeIDE/plugins/com.st.stm32cube.ide.mcu.externaltools.gnu-tools-for-stm32.12.3.rel1.win32_1.0.200.202406191623/tools/bin/../lib/gcc/arm-none-eabi/12.3.1/../../../../arm-none-eabi/lib/thumb/v7e-m+dp/hard\libc_nano.a(libc_a-stdio.o)
                0x08017610                __sread
 .text.__swrite
                0x08017632       0x38 D:/C_disk_extension_no_space/STM32/STM32CubeIDE_1.16.1/STM32CubeIDE/plugins/com.st.stm32cube.ide.mcu.externaltools.gnu-tools-for-stm32.12.3.rel1.win32_1.0.200.202406191623/tools/bin/../lib/gcc/arm-none-eabi/12.3.1/../../../../arm-none-eabi/lib/thumb/v7e-m+dp/hard\libc_nano.a(libc_a-stdio.o)
                0x08017632                __swrite
 .text.__sseek  0x0801766a       0x24 D:/C_disk_extension_no_space/STM32/STM32CubeIDE_1.16.1/STM32CubeIDE/plugins/com.st.stm32cube.ide.mcu.externaltools.gnu-tools-for-stm32.12.3.rel1.win32_1.0.200.202406191623/tools/bin/../lib/gcc/arm-none-eabi/12.3.1/../../../../arm-none-eabi/lib/thumb/v7e-m+dp/hard\libc_nano.a(libc_a-stdio.o)
                0x0801766a                __sseek
 .text.__sclose
                0x0801768e        0x8 D:/C_disk_extension_no_space/STM32/STM32CubeIDE_1.16.1/STM32CubeIDE/plugins/com.st.stm32cube.ide.mcu.externaltools.gnu-tools-for-stm32.12.3.rel1.win32_1.0.200.202406191623/tools/bin/../lib/gcc/arm-none-eabi/12.3.1/../../../../arm-none-eabi/lib/thumb/v7e-m+dp/hard\libc_nano.a(libc_a-stdio.o)
                0x0801768e                __sclose
 .text.memset   0x08017696       0x10 D:/C_disk_extension_no_space/STM32/STM32CubeIDE_1.16.1/STM32CubeIDE/plugins/com.st.stm32cube.ide.mcu.externaltools.gnu-tools-for-stm32.12.3.rel1.win32_1.0.200.202406191623/tools/bin/../lib/gcc/arm-none-eabi/12.3.1/../../../../arm-none-eabi/lib/thumb/v7e-m+dp/hard\libc_nano.a(libc_a-memset.o)
                0x08017696                memset
 .text.strcat   0x080176a6       0x1e D:/C_disk_extension_no_space/STM32/STM32CubeIDE_1.16.1/STM32CubeIDE/plugins/com.st.stm32cube.ide.mcu.externaltools.gnu-tools-for-stm32.12.3.rel1.win32_1.0.200.202406191623/tools/bin/../lib/gcc/arm-none-eabi/12.3.1/../../../../arm-none-eabi/lib/thumb/v7e-m+dp/hard\libc_nano.a(libc_a-strcat.o)
                0x080176a6                strcat
 .text.strncmp  0x080176c4       0x24 D:/C_disk_extension_no_space/STM32/STM32CubeIDE_1.16.1/STM32CubeIDE/plugins/com.st.stm32cube.ide.mcu.externaltools.gnu-tools-for-stm32.12.3.rel1.win32_1.0.200.202406191623/tools/bin/../lib/gcc/arm-none-eabi/12.3.1/../../../../arm-none-eabi/lib/thumb/v7e-m+dp/hard\libc_nano.a(libc_a-strncmp.o)
                0x080176c4                strncmp
 .text.strncpy  0x080176e8       0x26 D:/C_disk_extension_no_space/STM32/STM32CubeIDE_1.16.1/STM32CubeIDE/plugins/com.st.stm32cube.ide.mcu.externaltools.gnu-tools-for-stm32.12.3.rel1.win32_1.0.200.202406191623/tools/bin/../lib/gcc/arm-none-eabi/12.3.1/../../../../arm-none-eabi/lib/thumb/v7e-m+dp/hard\libc_nano.a(libc_a-strncpy.o)
                0x080176e8                strncpy
 *fill*         0x0801770e        0x2 
 .text.strtok   0x08017710       0x68 D:/C_disk_extension_no_space/STM32/STM32CubeIDE_1.16.1/STM32CubeIDE/plugins/com.st.stm32cube.ide.mcu.externaltools.gnu-tools-for-stm32.12.3.rel1.win32_1.0.200.202406191623/tools/bin/../lib/gcc/arm-none-eabi/12.3.1/../../../../arm-none-eabi/lib/thumb/v7e-m+dp/hard\libc_nano.a(libc_a-strtok.o)
                0x08017710                strtok
 .text.__strtok_r
                0x08017778       0x50 D:/C_disk_extension_no_space/STM32/STM32CubeIDE_1.16.1/STM32CubeIDE/plugins/com.st.stm32cube.ide.mcu.externaltools.gnu-tools-for-stm32.12.3.rel1.win32_1.0.200.202406191623/tools/bin/../lib/gcc/arm-none-eabi/12.3.1/../../../../arm-none-eabi/lib/thumb/v7e-m+dp/hard\libc_nano.a(libc_a-strtok_r.o)
                0x08017778                __strtok_r
 .text.strstr   0x080177c8       0x2c D:/C_disk_extension_no_space/STM32/STM32CubeIDE_1.16.1/STM32CubeIDE/plugins/com.st.stm32cube.ide.mcu.externaltools.gnu-tools-for-stm32.12.3.rel1.win32_1.0.200.202406191623/tools/bin/../lib/gcc/arm-none-eabi/12.3.1/../../../../arm-none-eabi/lib/thumb/v7e-m+dp/hard\libc_nano.a(libc_a-strstr.o)
                0x080177c8                strstr
 .text._close_r
                0x080177f4       0x20 D:/C_disk_extension_no_space/STM32/STM32CubeIDE_1.16.1/STM32CubeIDE/plugins/com.st.stm32cube.ide.mcu.externaltools.gnu-tools-for-stm32.12.3.rel1.win32_1.0.200.202406191623/tools/bin/../lib/gcc/arm-none-eabi/12.3.1/../../../../arm-none-eabi/lib/thumb/v7e-m+dp/hard\libc_nano.a(libc_a-closer.o)
                0x080177f4                _close_r
 .text._lseek_r
                0x08017814       0x24 D:/C_disk_extension_no_space/STM32/STM32CubeIDE_1.16.1/STM32CubeIDE/plugins/com.st.stm32cube.ide.mcu.externaltools.gnu-tools-for-stm32.12.3.rel1.win32_1.0.200.202406191623/tools/bin/../lib/gcc/arm-none-eabi/12.3.1/../../../../arm-none-eabi/lib/thumb/v7e-m+dp/hard\libc_nano.a(libc_a-lseekr.o)
                0x08017814                _lseek_r
 .text._read_r  0x08017838       0x24 D:/C_disk_extension_no_space/STM32/STM32CubeIDE_1.16.1/STM32CubeIDE/plugins/com.st.stm32cube.ide.mcu.externaltools.gnu-tools-for-stm32.12.3.rel1.win32_1.0.200.202406191623/tools/bin/../lib/gcc/arm-none-eabi/12.3.1/../../../../arm-none-eabi/lib/thumb/v7e-m+dp/hard\libc_nano.a(libc_a-readr.o)
                0x08017838                _read_r
 .text._sbrk_r  0x0801785c       0x20 D:/C_disk_extension_no_space/STM32/STM32CubeIDE_1.16.1/STM32CubeIDE/plugins/com.st.stm32cube.ide.mcu.externaltools.gnu-tools-for-stm32.12.3.rel1.win32_1.0.200.202406191623/tools/bin/../lib/gcc/arm-none-eabi/12.3.1/../../../../arm-none-eabi/lib/thumb/v7e-m+dp/hard\libc_nano.a(libc_a-sbrkr.o)
                0x0801785c                _sbrk_r
 .text._write_r
                0x0801787c       0x24 D:/C_disk_extension_no_space/STM32/STM32CubeIDE_1.16.1/STM32CubeIDE/plugins/com.st.stm32cube.ide.mcu.externaltools.gnu-tools-for-stm32.12.3.rel1.win32_1.0.200.202406191623/tools/bin/../lib/gcc/arm-none-eabi/12.3.1/../../../../arm-none-eabi/lib/thumb/v7e-m+dp/hard\libc_nano.a(libc_a-writer.o)
                0x0801787c                _write_r
 .text.__errno  0x080178a0        0xc D:/C_disk_extension_no_space/STM32/STM32CubeIDE_1.16.1/STM32CubeIDE/plugins/com.st.stm32cube.ide.mcu.externaltools.gnu-tools-for-stm32.12.3.rel1.win32_1.0.200.202406191623/tools/bin/../lib/gcc/arm-none-eabi/12.3.1/../../../../arm-none-eabi/lib/thumb/v7e-m+dp/hard\libc_nano.a(libc_a-errno.o)
                0x080178a0                __errno
 .text.__libc_init_array
                0x080178ac       0x48 D:/C_disk_extension_no_space/STM32/STM32CubeIDE_1.16.1/STM32CubeIDE/plugins/com.st.stm32cube.ide.mcu.externaltools.gnu-tools-for-stm32.12.3.rel1.win32_1.0.200.202406191623/tools/bin/../lib/gcc/arm-none-eabi/12.3.1/../../../../arm-none-eabi/lib/thumb/v7e-m+dp/hard\libc_nano.a(libc_a-init.o)
                0x080178ac                __libc_init_array
 .text.__retarget_lock_init_recursive
                0x080178f4        0x2 D:/C_disk_extension_no_space/STM32/STM32CubeIDE_1.16.1/STM32CubeIDE/plugins/com.st.stm32cube.ide.mcu.externaltools.gnu-tools-for-stm32.12.3.rel1.win32_1.0.200.202406191623/tools/bin/../lib/gcc/arm-none-eabi/12.3.1/../../../../arm-none-eabi/lib/thumb/v7e-m+dp/hard\libc_nano.a(libc_a-lock.o)
                0x080178f4                __retarget_lock_init_recursive
 .text.__retarget_lock_acquire_recursive
                0x080178f6        0x2 D:/C_disk_extension_no_space/STM32/STM32CubeIDE_1.16.1/STM32CubeIDE/plugins/com.st.stm32cube.ide.mcu.externaltools.gnu-tools-for-stm32.12.3.rel1.win32_1.0.200.202406191623/tools/bin/../lib/gcc/arm-none-eabi/12.3.1/../../../../arm-none-eabi/lib/thumb/v7e-m+dp/hard\libc_nano.a(libc_a-lock.o)
                0x080178f6                __retarget_lock_acquire_recursive
 .text.__retarget_lock_release_recursive
                0x080178f8        0x2 D:/C_disk_extension_no_space/STM32/STM32CubeIDE_1.16.1/STM32CubeIDE/plugins/com.st.stm32cube.ide.mcu.externaltools.gnu-tools-for-stm32.12.3.rel1.win32_1.0.200.202406191623/tools/bin/../lib/gcc/arm-none-eabi/12.3.1/../../../../arm-none-eabi/lib/thumb/v7e-m+dp/hard\libc_nano.a(libc_a-lock.o)
                0x080178f8                __retarget_lock_release_recursive
 .text.strcpy   0x080178fa       0x10 D:/C_disk_extension_no_space/STM32/STM32CubeIDE_1.16.1/STM32CubeIDE/plugins/com.st.stm32cube.ide.mcu.externaltools.gnu-tools-for-stm32.12.3.rel1.win32_1.0.200.202406191623/tools/bin/../lib/gcc/arm-none-eabi/12.3.1/../../../../arm-none-eabi/lib/thumb/v7e-m+dp/hard\libc_nano.a(libc_a-strcpy.o)
                0x080178fa                strcpy
 .text.memcpy   0x0801790a       0x1c D:/C_disk_extension_no_space/STM32/STM32CubeIDE_1.16.1/STM32CubeIDE/plugins/com.st.stm32cube.ide.mcu.externaltools.gnu-tools-for-stm32.12.3.rel1.win32_1.0.200.202406191623/tools/bin/../lib/gcc/arm-none-eabi/12.3.1/../../../../arm-none-eabi/lib/thumb/v7e-m+dp/hard\libc_nano.a(libc_a-memcpy-stub.o)
                0x0801790a                memcpy
 *fill*         0x08017926        0x2 
 .text.__assert_func
                0x08017928       0x3c D:/C_disk_extension_no_space/STM32/STM32CubeIDE_1.16.1/STM32CubeIDE/plugins/com.st.stm32cube.ide.mcu.externaltools.gnu-tools-for-stm32.12.3.rel1.win32_1.0.200.202406191623/tools/bin/../lib/gcc/arm-none-eabi/12.3.1/../../../../arm-none-eabi/lib/thumb/v7e-m+dp/hard\libc_nano.a(libc_a-assert.o)
                0x08017928                __assert_func
 .text._free_r  0x08017964       0x94 D:/C_disk_extension_no_space/STM32/STM32CubeIDE_1.16.1/STM32CubeIDE/plugins/com.st.stm32cube.ide.mcu.externaltools.gnu-tools-for-stm32.12.3.rel1.win32_1.0.200.202406191623/tools/bin/../lib/gcc/arm-none-eabi/12.3.1/../../../../arm-none-eabi/lib/thumb/v7e-m+dp/hard\libc_nano.a(libc_a-freer.o)
                0x08017964                _free_r
 .text._strtoll_l.constprop.0
                0x080179f8      0x11c D:/C_disk_extension_no_space/STM32/STM32CubeIDE_1.16.1/STM32CubeIDE/plugins/com.st.stm32cube.ide.mcu.externaltools.gnu-tools-for-stm32.12.3.rel1.win32_1.0.200.202406191623/tools/bin/../lib/gcc/arm-none-eabi/12.3.1/../../../../arm-none-eabi/lib/thumb/v7e-m+dp/hard\libc_nano.a(libc_a-strtoll.o)
 .text.strtoll  0x08017b14       0x14 D:/C_disk_extension_no_space/STM32/STM32CubeIDE_1.16.1/STM32CubeIDE/plugins/com.st.stm32cube.ide.mcu.externaltools.gnu-tools-for-stm32.12.3.rel1.win32_1.0.200.202406191623/tools/bin/../lib/gcc/arm-none-eabi/12.3.1/../../../../arm-none-eabi/lib/thumb/v7e-m+dp/hard\libc_nano.a(libc_a-strtoll.o)
                0x08017b14                strtoll
 .text.__ssputs_r
                0x08017b28       0xb6 D:/C_disk_extension_no_space/STM32/STM32CubeIDE_1.16.1/STM32CubeIDE/plugins/com.st.stm32cube.ide.mcu.externaltools.gnu-tools-for-stm32.12.3.rel1.win32_1.0.200.202406191623/tools/bin/../lib/gcc/arm-none-eabi/12.3.1/../../../../arm-none-eabi/lib/thumb/v7e-m+dp/hard\libc_nano.a(libc_a-nano-svfprintf.o)
                0x08017b28                __ssputs_r
 *fill*         0x08017bde        0x2 
 .text._svfprintf_r
                0x08017be0      0x1f8 D:/C_disk_extension_no_space/STM32/STM32CubeIDE_1.16.1/STM32CubeIDE/plugins/com.st.stm32cube.ide.mcu.externaltools.gnu-tools-for-stm32.12.3.rel1.win32_1.0.200.202406191623/tools/bin/../lib/gcc/arm-none-eabi/12.3.1/../../../../arm-none-eabi/lib/thumb/v7e-m+dp/hard\libc_nano.a(libc_a-nano-svfprintf.o)
                0x08017be0                _svfiprintf_r
                0x08017be0                _svfprintf_r
 .text._printf_common
                0x08017dd8       0xda D:/C_disk_extension_no_space/STM32/STM32CubeIDE_1.16.1/STM32CubeIDE/plugins/com.st.stm32cube.ide.mcu.externaltools.gnu-tools-for-stm32.12.3.rel1.win32_1.0.200.202406191623/tools/bin/../lib/gcc/arm-none-eabi/12.3.1/../../../../arm-none-eabi/lib/thumb/v7e-m+dp/hard\libc_nano.a(libc_a-nano-vfprintf_i.o)
                0x08017dd8                _printf_common
 *fill*         0x08017eb2        0x2 
 .text._printf_i
                0x08017eb4      0x240 D:/C_disk_extension_no_space/STM32/STM32CubeIDE_1.16.1/STM32CubeIDE/plugins/com.st.stm32cube.ide.mcu.externaltools.gnu-tools-for-stm32.12.3.rel1.win32_1.0.200.202406191623/tools/bin/../lib/gcc/arm-none-eabi/12.3.1/../../../../arm-none-eabi/lib/thumb/v7e-m+dp/hard\libc_nano.a(libc_a-nano-vfprintf_i.o)
                0x08017eb4                _printf_i
 .text.__sflush_r
                0x080180f4      0x108 D:/C_disk_extension_no_space/STM32/STM32CubeIDE_1.16.1/STM32CubeIDE/plugins/com.st.stm32cube.ide.mcu.externaltools.gnu-tools-for-stm32.12.3.rel1.win32_1.0.200.202406191623/tools/bin/../lib/gcc/arm-none-eabi/12.3.1/../../../../arm-none-eabi/lib/thumb/v7e-m+dp/hard\libc_nano.a(libc_a-fflush.o)
                0x080180f4                __sflush_r
 .text._fflush_r
                0x080181fc       0x50 D:/C_disk_extension_no_space/STM32/STM32CubeIDE_1.16.1/STM32CubeIDE/plugins/com.st.stm32cube.ide.mcu.externaltools.gnu-tools-for-stm32.12.3.rel1.win32_1.0.200.202406191623/tools/bin/../lib/gcc/arm-none-eabi/12.3.1/../../../../arm-none-eabi/lib/thumb/v7e-m+dp/hard\libc_nano.a(libc_a-fflush.o)
                0x080181fc                _fflush_r
 .text.fprintf  0x0801824c       0x24 D:/C_disk_extension_no_space/STM32/STM32CubeIDE_1.16.1/STM32CubeIDE/plugins/com.st.stm32cube.ide.mcu.externaltools.gnu-tools-for-stm32.12.3.rel1.win32_1.0.200.202406191623/tools/bin/../lib/gcc/arm-none-eabi/12.3.1/../../../../arm-none-eabi/lib/thumb/v7e-m+dp/hard\libc_nano.a(libc_a-fprintf.o)
                0x0801824c                fiprintf
                0x0801824c                fprintf
 .text.memmove  0x08018270       0x34 D:/C_disk_extension_no_space/STM32/STM32CubeIDE_1.16.1/STM32CubeIDE/plugins/com.st.stm32cube.ide.mcu.externaltools.gnu-tools-for-stm32.12.3.rel1.win32_1.0.200.202406191623/tools/bin/../lib/gcc/arm-none-eabi/12.3.1/../../../../arm-none-eabi/lib/thumb/v7e-m+dp/hard\libc_nano.a(libc_a-memmove.o)
                0x08018270                memmove
 .text.abort    0x080182a4        0xe D:/C_disk_extension_no_space/STM32/STM32CubeIDE_1.16.1/STM32CubeIDE/plugins/com.st.stm32cube.ide.mcu.externaltools.gnu-tools-for-stm32.12.3.rel1.win32_1.0.200.202406191623/tools/bin/../lib/gcc/arm-none-eabi/12.3.1/../../../../arm-none-eabi/lib/thumb/v7e-m+dp/hard\libc_nano.a(libc_a-abort.o)
                0x080182a4                abort
 .text._realloc_r