../Core/Src/ADXL.c:41:13:writeRegister	16	static
../Core/Src/ADXL.c:64:13:readRegister	16	static
../Core/Src/ADXL.c:121:13:adxlBW	24	static
../Core/Src/ADXL.c:169:13:adxlFormat	24	static
../Core/Src/ADXL.c:181:12:ADXL_Init	24	static
../Core/Src/ADXL.c:238:6:ADXL_getAccel	32	static
../Core/Src/ADXL.c:267:6:ADXL_Measure	24	static
../Core/Src/ADXL.c:291:6:ADXL_Sleep	24	static
../Core/Src/ADXL.c:315:6:ADXL_Standby	24	static
../Core/Src/ADXL.c:340:6:ADXL_test	16	static
../Core/Src/ADXL.c:351:6:ADXL_enableSelfTest	16	static
../Core/Src/ADXL.c:363:6:ADXL_disableSelfTest	16	static
../Core/Src/ADXL.c:378:6:ADXL_SetOffset	16	static
../Core/Src/ADXL.c:397:6:ADXL_enableSingleTap	32	static
../Core/Src/ADXL.c:429:6:ADXL_disableSingleTap	16	static
../Core/Src/ADXL.c:450:6:ADXL_enableDoubleTap	32	static
../Core/Src/ADXL.c:483:6:ADXL_disableDoubleTap	16	static
../Core/Src/ADXL.c:499:6:ADXL_enableActivity	32	static
../Core/Src/ADXL.c:533:6:ADXL_disableActivity	16	static
../Core/Src/ADXL.c:557:6:ADXL_enableFreeFall	24	static
../Core/Src/ADXL.c:579:6:ADXL_disableFreeFall	16	static
../Core/Src/ADXL.c:593:6:ADXL_IntProto	16	static
