../Core/Src/../Lib/RTC/RTC.h:45:6:RTC_setTime	16	static
../Core/Src/../Lib/RTC/RTC.h:65:6:RTC_getTime	32	static
../Core/Src/../Lib/RTC/RTC.h:76:6:RTC_displayTime	32	static
../Core/Src/../Lib/RTC/RTC.h:99:6:WEATHER_display_current	32	static
../Core/Src/../Lib/RTC/RTC.h:194:6:WEATHER_display_forecast	32	static
../Core/Src/../Lib/RTC/RTC.h:262:6:WEATHER_display	8	static
../Core/Src/../Lib/RTC/RTC.h:294:6:GAME_snake_check_and_delay	24	static
../Core/Src/../Lib/RTC/RTC.h:312:6:GAME_snake_rst	16	static
../Core/Src/../Lib/RTC/RTC.h:324:6:GAME_snake_gameover	24	static
../Core/Src/../Lib/RTC/RTC.h:347:6:GAME_snake_draw_score	24	static
../Core/Src/../Lib/RTC/RTC.h:357:6:GAME_snake_append_square	4	static
../Core/Src/../Lib/RTC/RTC.h:364:6:GAME_snake_check_apple	8	static
../Core/Src/../Lib/RTC/RTC.h:380:6:GAME_snake_check_collision	16	static
../Core/Src/../Lib/RTC/RTC.h:388:6:GAME_snake_step	16	static
../Core/Src/../Lib/RTC/RTC.h:399:6:GAME_snake_check_direction	8	static
../Core/Src/../Lib/RTC/RTC.h:447:6:GAME_snake_draw_quadrat	24	static
../Core/Src/../Lib/RTC/RTC.h:455:6:GAME_snake_spawn_apple	16	static
../Core/Src/../Lib/RTC/RTC.h:481:6:GAME_snake_startScreen	24	static
../Core/Src/../Lib/RTC/RTC.h:492:6:GAME_snake_gamePlay	32	static
../Core/Src/../Lib/RTC/RTC.h:508:6:GAME_snake_loop	8	static
../Core/Src/main.c:202:6:ESP32_check_data	32	static
../Core/Src/main.c:210:6:ESP32_check_data_large	32	static
../Core/Src/main.c:218:6:HAL_UART_RxCpltCallback	200	static
../Core/Src/main.c:771:6:handshaking	32	static
../Core/Src/main.c:950:5:main	24	static
../Core/Src/main.c:1084:6:SystemClock_Config	128	static
../Core/Src/main.c:1148:13:MX_I2C1_Init	8	static
../Core/Src/main.c:1196:13:MX_I2C4_Init	8	static
../Core/Src/main.c:1244:13:MX_RTC_Init	32	static
../Core/Src/main.c:1308:13:MX_SPI1_Init	8	static
../Core/Src/main.c:1356:13:MX_SPI2_Init	8	static
../Core/Src/main.c:1404:13:MX_USART2_UART_Init	8	static
../Core/Src/main.c:1450:13:MX_DMA_Init	16	static
../Core/Src/main.c:1468:13:MX_GPIO_Init	48	static
../Core/Src/main.c:1540:6:StartDefaultTask	16	static
../Core/Src/main.c:1563:6:Start_ADXL_Task	16	static
../Core/Src/main.c:1588:6:Start_FSM_Task	48	static
../Core/Src/main.c:2258:6:Start_SHT_Task	16	static
../Core/Src/main.c:2282:6:MPU_Config	24	static
../Core/Src/main.c:2317:6:HAL_TIM_PeriodElapsedCallback	16	static
../Core/Src/main.c:2334:6:Error_Handler	4	static,ignoring_inline_asm
