../Core/Src/../Lib/RTC/RTC.h:45:6:RTC_setTime	3
../Core/Src/../Lib/RTC/RTC.h:65:6:RTC_getTime	7
../Core/Src/../Lib/RTC/RTC.h:76:6:RTC_displayTime	6
../Core/Src/../Lib/RTC/RTC.h:99:6:WEATHER_display_current	29
../Core/Src/../Lib/RTC/RTC.h:194:6:WEATHER_display_forecast	18
../Core/Src/../Lib/RTC/RTC.h:262:6:WEATHER_display	9
../Core/Src/../Lib/RTC/RTC.h:294:6:GAME_snake_check_and_delay	10
../Core/Src/../Lib/RTC/RTC.h:312:6:GAME_snake_rst	2
../Core/Src/../Lib/RTC/RTC.h:324:6:GAME_snake_gameover	7
../Core/Src/../Lib/RTC/RTC.h:347:6:GAME_snake_draw_score	1
../Core/Src/../Lib/RTC/RTC.h:357:6:GAME_snake_append_square	1
../Core/Src/../Lib/RTC/RTC.h:364:6:GAME_snake_check_apple	4
../Core/Src/../Lib/RTC/RTC.h:380:6:GAME_snake_check_collision	4
../Core/Src/../Lib/RTC/RTC.h:388:6:GAME_snake_step	2
../Core/Src/../Lib/RTC/RTC.h:399:6:GAME_snake_check_direction	11
../Core/Src/../Lib/RTC/RTC.h:447:6:GAME_snake_draw_quadrat	3
../Core/Src/../Lib/RTC/RTC.h:455:6:GAME_snake_spawn_apple	6
../Core/Src/../Lib/RTC/RTC.h:481:6:GAME_snake_startScreen	2
../Core/Src/../Lib/RTC/RTC.h:492:6:GAME_snake_gamePlay	2
../Core/Src/../Lib/RTC/RTC.h:508:6:GAME_snake_loop	2
../Core/Src/main.c:202:6:ESP32_check_data	3
../Core/Src/main.c:210:6:ESP32_check_data_large	2
../Core/Src/main.c:218:6:HAL_UART_RxCpltCallback	77
../Core/Src/main.c:771:6:handshaking	35
../Core/Src/main.c:950:5:main	1
../Core/Src/main.c:1084:6:SystemClock_Config	5
../Core/Src/main.c:1148:13:MX_I2C1_Init	4
../Core/Src/main.c:1196:13:MX_I2C4_Init	4
../Core/Src/main.c:1244:13:MX_RTC_Init	4
../Core/Src/main.c:1308:13:MX_SPI1_Init	2
../Core/Src/main.c:1356:13:MX_SPI2_Init	2
../Core/Src/main.c:1404:13:MX_USART2_UART_Init	5
../Core/Src/main.c:1450:13:MX_DMA_Init	1
../Core/Src/main.c:1468:13:MX_GPIO_Init	1
../Core/Src/main.c:1540:6:StartDefaultTask	2
../Core/Src/main.c:1563:6:Start_ADXL_Task	1
../Core/Src/main.c:1588:6:Start_FSM_Task	150
../Core/Src/main.c:2258:6:Start_SHT_Task	2
../Core/Src/main.c:2282:6:MPU_Config	1
../Core/Src/main.c:2317:6:HAL_TIM_PeriodElapsedCallback	2
../Core/Src/main.c:2334:6:Error_Handler	1
