../Core/Src/st7789.c:21:13:ST7789_WriteCommand	16	static
../Core/Src/st7789.c:35:13:ST7789_WriteData	24	static
../Core/Src/st7789.c:67:13:ST7789_WriteSmallData	16	static
../Core/Src/st7789.c:80:6:ST7789_SetRotation	16	static
../Core/Src/st7789.c:106:13:ST7789_SetAddressWindow	40	static
../Core/Src/st7789.c:135:6:ST7789_Init	56	static
../Core/Src/st7789.c:199:6:MemsetBuffer	32	static
../Core/Src/st7789.c:218:6:ST7789_Fill_Color	24	static
../Core/Src/st7789.c:251:6:ST7789_DrawPixel	24	static
../Core/Src/st7789.c:270:6:ST7789_Fill	32	static
../Core/Src/st7789.c:291:6:ST7789_DrawPixel_4px	32	static
../Core/Src/st7789.c:307:6:ST7789_DrawLine	40	static
../Core/Src/st7789.c:368:6:ST7789_DrawRectangle	32	static
../Core/Src/st7789.c:385:6:ST7789_DrawCircle	40	static
../Core/Src/st7789.c:443:6:ST7789_DrawImage	24	static
../Core/Src/st7789.c:470:6:ST7789_DrawImageComp	48	static
../Core/Src/st7789.c:506:6:ST7789_InvertColors	16	static
../Core/Src/st7789.c:522:6:ST7789_WriteChar	40	static
../Core/Src/st7789.c:553:6:ST7789_WriteCharMedium	72	static
../Core/Src/st7789.c:585:6:ST7789_WriteString	32	static
../Core/Src/st7789.c:618:6:ST7789_WriteStringMedium	32	static
../Core/Src/st7789.c:649:6:ST7789_DrawFilledRectangle	40	static
../Core/Src/st7789.c:683:6:ST7789_DrawTriangle	32	static
../Core/Src/st7789.c:699:6:ST7789_DrawFilledTriangle	64	static
../Core/Src/st7789.c:768:6:ST7789_DrawFilledCircle	48	static
../Core/Src/st7789.c:822:6:wmemset	40	static
../Core/Src/st7789.c:852:6:ST7789_DrawSlider	48	static
